Component: ARM Compiler 5.05 update 1 (build 106) Tool: armlink [4d0efa]

==============================================================================

Section Cross References

    main.o(.text) refers to _printf_percent.o(.ARM.Collect$$_printf_percent$$00000000) for _printf_percent
    main.o(.text) refers to _printf_d.o(.ARM.Collect$$_printf_percent$$00000009) for _printf_d
    main.o(.text) refers to _printf_dec.o(.text) for _printf_int_dec
    main.o(.text) refers to _printf_pad.o(.text) for _printf_pre_padding
    main.o(.text) refers to _printf_x.o(.ARM.Collect$$_printf_percent$$0000000C) for _printf_x
    main.o(.text) refers to _printf_hex_int.o(.text) for _printf_longlong_hex
    main.o(.text) refers to lcd.o(.text) for LCD_Clear
    main.o(.text) refers to fdc2214.o(.text) for FDC2214_GetChannelData
    main.o(.text) refers to noretval__2printf.o(.text) for __2printf
    main.o(.text) refers to main.o(.data) for game_mode
    main.o(.text) refers to main.o(.bss) for finger0
    main.o(.text) refers to delay.o(.text) for delay_ms
    main.o(.text) refers to misc.o(.text) for NVIC_PriorityGroupConfig
    main.o(.text) refers to usart.o(.text) for uart_init
    main.o(.text) refers to led.o(.text) for LED_Init
    main.o(.text) refers to noretval__2sprintf.o(.text) for __2sprintf
    main.o(.text) refers to key.o(.text) for KEY_Init
    main.o(.text) refers to exti.o(.text) for EXTIX_Init
    main.o(.text) refers to myiic.o(.text) for IIC_Init
    main.o(.text) refers to lcd.o(.data) for POINT_COLOR
    main.o(.text) refers to lcd.o(.bss) for lcddev
    system_stm32f4xx.o(.text) refers to system_stm32f4xx.o(.data) for SystemCoreClock
    led.o(.text) refers to stm32f4xx_rcc.o(.text) for RCC_AHB1PeriphClockCmd
    led.o(.text) refers to stm32f4xx_gpio.o(.text) for GPIO_Init
    lcd.o(.text) refers to _printf_percent.o(.ARM.Collect$$_printf_percent$$00000000) for _printf_percent
    lcd.o(.text) refers to _printf_x.o(.ARM.Collect$$_printf_percent$$0000000C) for _printf_x
    lcd.o(.text) refers to _printf_hex_int.o(.text) for _printf_longlong_hex
    lcd.o(.text) refers to delay.o(.text) for delay_us
    lcd.o(.text) refers to lcd.o(.bss) for lcddev
    lcd.o(.text) refers to lcd.o(.data) for POINT_COLOR
    lcd.o(.text) refers to dflt_clz.o(x$fpl$dfltu) for __aeabi_ui2d
    lcd.o(.text) refers to dmul.o(x$fpl$dmul) for __aeabi_dmul
    lcd.o(.text) refers to dfixu.o(x$fpl$dfixu) for __aeabi_d2uiz
    lcd.o(.text) refers to stm32f4xx_rcc.o(.text) for RCC_AHB1PeriphClockCmd
    lcd.o(.text) refers to stm32f4xx_gpio.o(.text) for GPIO_Init
    lcd.o(.text) refers to stm32f4xx_fsmc.o(.text) for FSMC_NORSRAMInit
    lcd.o(.text) refers to noretval__2printf.o(.text) for __2printf
    lcd.o(.text) refers to lcd.o(.constdata) for asc2_1206
    fdc2214.o(.text) refers to _printf_percent.o(.ARM.Collect$$_printf_percent$$00000000) for _printf_percent
    fdc2214.o(.text) refers to _printf_d.o(.ARM.Collect$$_printf_percent$$00000009) for _printf_d
    fdc2214.o(.text) refers to _printf_dec.o(.text) for _printf_int_dec
    fdc2214.o(.text) refers to myiic.o(.text) for IIC_Start
    fdc2214.o(.text) refers to dflt_clz.o(x$fpl$dfltu) for __aeabi_ui2d
    fdc2214.o(.text) refers to ddiv.o(x$fpl$ddiv) for __aeabi_ddiv
    fdc2214.o(.text) refers to dmul.o(x$fpl$dmul) for __aeabi_dmul
    fdc2214.o(.text) refers to f2d.o(x$fpl$f2d) for __aeabi_f2d
    fdc2214.o(.text) refers to noretval__2printf.o(.text) for __2printf
    fdc2214.o(.text) refers to fdc2214.o(.data) for CHx_FIN_SEL
    fdc2214.o(.text) refers to fdc2214.o(.bss) for fREFx
    fdc2214.o(.text) refers to delay.o(.text) for delay_ms
    exti.o(.text) refers to key.o(.text) for KEY_Init
    exti.o(.text) refers to stm32f4xx_rcc.o(.text) for RCC_APB2PeriphClockCmd
    exti.o(.text) refers to stm32f4xx_syscfg.o(.text) for SYSCFG_EXTILineConfig
    exti.o(.text) refers to stm32f4xx_exti.o(.text) for EXTI_Init
    exti.o(.text) refers to misc.o(.text) for NVIC_Init
    exti.o(.text) refers to delay.o(.text) for delay_ms
    exti.o(.text) refers to stm32f4xx_gpio.o(.text) for GPIO_ReadInputDataBit
    exti.o(.text) refers to lcd.o(.text) for LCD_Clear
    exti.o(.text) refers to main.o(.data) for staffsel_flag
    key.o(.text) refers to stm32f4xx_rcc.o(.text) for RCC_AHB1PeriphClockCmd
    key.o(.text) refers to stm32f4xx_gpio.o(.text) for GPIO_Init
    key.o(.text) refers to delay.o(.text) for delay_ms
    key.o(.text) refers to key.o(.data) for key_up
    myiic.o(.text) refers to stm32f4xx_rcc.o(.text) for RCC_AHB1PeriphClockCmd
    myiic.o(.text) refers to stm32f4xx_gpio.o(.text) for GPIO_Init
    myiic.o(.text) refers to delay.o(.text) for delay_us
    delay.o(.text) refers to misc.o(.text) for SysTick_CLKSourceConfig
    delay.o(.text) refers to delay.o(.data) for fac_us
    usart.o(.rev16_text) refers (Special) to use_no_semi_2.o(.text) for __use_no_semihosting
[...]
    ../clib/printf.c                         0x00000000   Number         0  __printf_nopercent.o ABSOLUTE
    ../clib/printf.c                         0x00000000   Number         0  __printf_flags_wp.o ABSOLUTE
    ../clib/printf.c                         0x00000000   Number         0  __printf_ss_wp.o ABSOLUTE
    ../clib/printf.c                         0x00000000   Number         0  __printf_flags_ss_wp.o ABSOLUTE
    ../clib/printf.c                         0x00000000   Number         0  __printf_wp.o ABSOLUTE
    ../clib/printf.c                         0x00000000   Number         0  __printf_flags_ss.o ABSOLUTE
    ../clib/printf.c                         0x00000000   Number         0  __printf_ss.o ABSOLUTE
    ../clib/printf.c                         0x00000000   Number         0  _printf_hex_int_ptr.o ABSOLUTE
    ../clib/printf_percent.s                 0x00000000   Number         0  _printf_percent_end.o ABSOLUTE
    ../clib/printf_percent.s                 0x00000000   Number         0  _printf_x.o ABSOLUTE
    ../clib/printf_percent.s                 0x00000000   Number         0  _printf_d.o ABSOLUTE
    ../clib/printf_percent.s                 0x00000000   Number         0  _printf_percent.o ABSOLUTE
    ../clib/signal.c                         0x00000000   Number         0  defsig_rtmem_formal.o ABSOLUTE
    ../clib/signal.c                         0x00000000   Number         0  defsig_fpe_inner.o ABSOLUTE
    ../clib/signal.c                         0x00000000   Number         0  defsig_rtred_inner.o ABSOLUTE
    ../clib/signal.c                         0x00000000   Number         0  defsig_stak_inner.o ABSOLUTE
    ../clib/signal.c                         0x00000000   Number         0  defsig_exit.o ABSOLUTE
    ../clib/signal.c                         0x00000000   Number         0  defsig_pvfn_inner.o ABSOLUTE
    ../clib/signal.c                         0x00000000   Number         0  defsig_abrt_inner.o ABSOLUTE
    ../clib/signal.c                         0x00000000   Number         0  defsig_rtmem_inner.o ABSOLUTE
    ../clib/signal.c                         0x00000000   Number         0  __raise.o ABSOLUTE
    ../clib/signal.c                         0x00000000   Number         0  defsig_cppl_inner.o ABSOLUTE
    ../clib/signal.c                         0x00000000   Number         0  defsig_segv_inner.o ABSOLUTE
    ../clib/signal.c                         0x00000000   Number         0  defsig_other.o ABSOLUTE
    ../clib/signal.c                         0x00000000   Number         0  defsig_general.o ABSOLUTE
    ../clib/signal.c                         0x00000000   Number         0  defsig_rtmem_outer.o ABSOLUTE
    ../clib/signal.s                         0x00000000   Number         0  defsig.o ABSOLUTE
    ../clib/stdio.c                          0x00000000   Number         0  ferror.o ABSOLUTE
    ../clib/stdio.c                          0x00000000   Number         0  ferror_locked.o ABSOLUTE
    ../clib/stdlib.c                         0x00000000   Number         0  exit.o ABSOLUTE
    ../fplib/ddiv.s                          0x00000000   Number         0  ddiv.o ABSOLUTE
    ../fplib/dfixu.s                         0x00000000   Number         0  dfixu.o ABSOLUTE
    ../fplib/dflt.s                          0x00000000   Number         0  dflt_clz.o ABSOLUTE
    ../fplib/dmul.s                          0x00000000   Number         0  dmul.o ABSOLUTE
    ../fplib/dnaninf.s                       0x00000000   Number         0  dnaninf.o ABSOLUTE
    ../fplib/dretinf.s                       0x00000000   Number         0  dretinf.o ABSOLUTE
    ../fplib/f2d.s                           0x00000000   Number         0  f2d.o ABSOLUTE
    ../fplib/fnaninf.s                       0x00000000   Number         0  fnaninf.o ABSOLUTE
    ../fplib/fpinit.s                        0x00000000   Number         0  fpinit.o ABSOLUTE
    ../fplib/usenofp.s                       0x00000000   Number         0  usenofp.o ABSOLUTE
    ..\CORE\startup_stm32f40_41xxx.s         0x00000000   Number         0  startup_stm32f40_41xxx.o ABSOLUTE
    ..\FWLIB\src\misc.c                      0x00000000   Number         0  misc.o ABSOLUTE
    ..\FWLIB\src\stm32f4xx_exti.c            0x00000000   Number         0  stm32f4xx_exti.o ABSOLUTE
    ..\FWLIB\src\stm32f4xx_fsmc.c            0x00000000   Number         0  stm32f4xx_fsmc.o ABSOLUTE
    ..\FWLIB\src\stm32f4xx_gpio.c            0x00000000   Number         0  stm32f4xx_gpio.o ABSOLUTE
    ..\FWLIB\src\stm32f4xx_rcc.c             0x00000000   Number         0  stm32f4xx_rcc.o ABSOLUTE
    ..\FWLIB\src\stm32f4xx_syscfg.c          0x00000000   Number         0  stm32f4xx_syscfg.o ABSOLUTE
    ..\FWLIB\src\stm32f4xx_tim.c             0x00000000   Number         0  stm32f4xx_tim.o ABSOLUTE
    ..\FWLIB\src\stm32f4xx_usart.c           0x00000000   Number         0  stm32f4xx_usart.o ABSOLUTE
    ..\HARDWARE\EXTI\exti.c                  0x00000000   Number         0  exti.o ABSOLUTE
    ..\HARDWARE\FDC2214\fdc2214.c            0x00000000   Number         0  fdc2214.o ABSOLUTE
    ..\HARDWARE\IIC\myiic.c                  0x00000000   Number         0  myiic.o ABSOLUTE
    ..\HARDWARE\KEY\key.c                    0x00000000   Number         0  key.o ABSOLUTE
    ..\HARDWARE\LCD\lcd.c                    0x00000000   Number         0  lcd.o ABSOLUTE
    ..\HARDWARE\LED\led.c                    0x00000000   Number         0  led.o ABSOLUTE
    ..\SYSTEM\delay\delay.c                  0x00000000   Number         0  delay.o ABSOLUTE
    ..\SYSTEM\sys\sys.c                      0x00000000   Number         0  sys.o ABSOLUTE
    ..\SYSTEM\usart\usart.c                  0x00000000   Number         0  usart.o ABSOLUTE
    ..\\FWLIB\\src\\misc.c                   0x00000000   Number         0  misc.o ABSOLUTE
    ..\\FWLIB\\src\\stm32f4xx_exti.c         0x00000000   Number         0  stm32f4xx_exti.o ABSOLUTE
    ..\\FWLIB\\src\\stm32f4xx_fsmc.c         0x00000000   Number         0  stm32f4xx_fsmc.o ABSOLUTE
    ..\\FWLIB\\src\\stm32f4xx_gpio.c         0x00000000   Number         0  stm32f4xx_gpio.o ABSOLUTE
    ..\\FWLIB\\src\\stm32f4xx_rcc.c          0x00000000   Number         0  stm32f4xx_rcc.o ABSOLUTE
    ..\\FWLIB\\src\\stm32f4xx_syscfg.c       0x00000000   Number         0  stm32f4xx_syscfg.o ABSOLUTE
    ..\\FWLIB\\src\\stm32f4xx_tim.c          0x00000000   Number         0  stm32f4xx_tim.o ABSOLUTE
    ..\\FWLIB\\src\\stm32f4xx_usart.c        0x00000000   Number         0  stm32f4xx_usart.o ABSOLUTE
    ..\\HARDWARE\\EXTI\\exti.c               0x00000000   Number         0  exti.o ABSOLUTE
    ..\\HARDWARE\\FDC2214\\fdc2214.c         0x00000000   Number         0  fdc2214.o ABSOLUTE
    ..\\HARDWARE\\IIC\\myiic.c               0x00000000   Number         0  myiic.o ABSOLUTE
    ..\\HARDWARE\\KEY\\key.c                 0x00000000   Number         0  key.o ABSOLUTE
    ..\\HARDWARE\\LCD\\lcd.c                 0x00000000   Number         0  lcd.o ABSOLUTE
    ..\\HARDWARE\\LED\\led.c                 0x00000000   Number         0  led.o ABSOLUTE
    ..\\SYSTEM\\delay\\delay.c               0x00000000   Number         0  delay.o ABSOLUTE
    ..\\SYSTEM\\sys\\sys.c                   0x00000000   Number         0  sys.o ABSOLUTE
    ..\\SYSTEM\\usart\\usart.c               0x00000000   Number         0  usart.o ABSOLUTE
    dc.s                                     0x00000000   Number         0  dc.o ABSOLUTE
    main.c                                   0x00000000   Number         0  main.o ABSOLUTE
    main.c                                   0x00000000   Number         0  main.o ABSOLUTE
    stm32f4xx_it.c                           0x00000000   Number         0  stm32f4xx_it.o ABSOLUTE
    stm32f4xx_it.c                           0x00000000   Number         0  stm32f4xx_it.o ABSOLUTE
    system_stm32f4xx.c                       0x00000000   Number         0  system_stm32f4xx.o ABSOLUTE
    system_stm32f4xx.c                       0x00000000   Number         0  system_stm32f4xx.o ABSOLUTE
    RESET                                    0x08000000   Section      392  startup_stm32f40_41xxx.o(RESET)
    !!!main                                  0x08000188   Section        8  __main.o(!!!main)
    !!!scatter                               0x08000190   Section       52  __scatter.o(!!!scatter)
    !!handler_copy                           0x080001c4   Section       26  __scatter_copy.o(!!handler_copy)
    !!handler_zi                             0x080001e0   Section       28  __scatter_zi.o(!!handler_zi)
    .ARM.Collect$$_printf_percent$$00000000  0x080001fc   Section        0  _printf_percent.o(.ARM.Collect$$_printf_percent$$00000000)
    .ARM.Collect$$_printf_percent$$00000009  0x080001fc   Section        6  _printf_d.o(.ARM.Collect$$_printf_percent$$00000009)
    .ARM.Collect$$_printf_percent$$0000000C  0x08000202   Section        6  _printf_x.o(.ARM.Collect$$_printf_percent$$0000000C)
    .ARM.Collect$$_printf_percent$$00000017  0x08000208   Section        4  _printf_percent_end.o(.ARM.Collect$$_printf_percent$$00000017)
    .ARM.Collect$$libinit$$00000000          0x0800020c   Section        2  libinit.o(.ARM.Collect$$libinit$$00000000)
    .ARM.Collect$$libinit$$00000001          0x0800020e   Section        4  libinit2.o(.ARM.Collect$$libinit$$00000001)
    .ARM.Collect$$libinit$$00000004          0x08000212   Section        0  libinit2.o(.ARM.Collect$$libinit$$00000004)
    .ARM.Collect$$libinit$$0000000A          0x08000212   Section        0  libinit2.o(.ARM.Collect$$libinit$$0000000A)
    .ARM.Collect$$libinit$$0000000C          0x08000212   Section        0  libinit2.o(.ARM.Collect$$libinit$$0000000C)
    .ARM.Collect$$libinit$$0000000E          0x08000212   Section        0  libinit2.o(.ARM.Collect$$libinit$$0000000E)
    .ARM.Collect$$libinit$$00000011          0x08000212   Section        0  libinit2.o(.ARM.Collect$$libinit$$00000011)
    .ARM.Collect$$libinit$$00000013          0x08000212   Section        0  libinit2.o(.ARM.Collect$$libinit$$00000013)
    .ARM.Collect$$libinit$$00000015          0x08000212   Section        0  libinit2.o(.ARM.Collect$$libinit$$00000015)
    .ARM.Collect$$libinit$$00000017          0x08000212   Section        0  libinit2.o(.ARM.Collect$$libinit$$00000017)
    .ARM.Collect$$libinit$$00000019          0x08000212   Section        0  libinit2.o(.ARM.Collect$$libinit$$00000019)
    .ARM.Collect$$libinit$$0000001B          0x08000212   Section        0  libinit2.o(.ARM.Collect$$libinit$$0000001B)
    .ARM.Collect$$libinit$$0000001D          0x08000212   Section        0  libinit2.o(.ARM.Collect$$libinit$$0000001D)
    .ARM.Collect$$libinit$$0000001F          0x08000212   Section        0  libinit2.o(.ARM.Collect$$libinit$$0000001F)
    .ARM.Collect$$libinit$$00000021          0x08000212   Section        0  libinit2.o(.ARM.Collect$$libinit$$00000021)
    .ARM.Collect$$libinit$$00000023          0x08000212   Section        0  libinit2.o(.ARM.Collect$$libinit$$00000023)
    .ARM.Collect$$libinit$$00000025          0x08000212   Section        0  libinit2.o(.ARM.Collect$$libinit$$00000025)
    .ARM.Collect$$libinit$$0000002C          0x08000212   Section        0  libinit2.o(.ARM.Collect$$libinit$$0000002C)
    .ARM.Collect$$libinit$$0000002E          0x08000212   Section        0  libinit2.o(.ARM.Collect$$libinit$$0000002E)
    .ARM.Collect$$libinit$$00000030          0x08000212   Section        0  libinit2.o(.ARM.Collect$$libinit$$00000030)
    .ARM.Collect$$libinit$$00000032          0x08000212   Section        0  libinit2.o(.ARM.Collect$$libinit$$00000032)
    .ARM.Collect$$libinit$$00000033          0x08000212   Section        2  libinit2.o(.ARM.Collect$$libinit$$00000033)
    .ARM.Collect$$libshutdown$$00000000      0x08000214   Section        2  libshutdown.o(.ARM.Collect$$libshutdown$$00000000)
    .ARM.Collect$$libshutdown$$00000003      0x08000216   Section        0  libshutdown2.o(.ARM.Collect$$libshutdown$$00000003)
    .ARM.Collect$$libshutdown$$00000006      0x08000216   Section        0  libshutdown2.o(.ARM.Collect$$libshutdown$$00000006)
    .ARM.Collect$$libshutdown$$00000009      0x08000216   Section        0  libshutdown2.o(.ARM.Collect$$libshutdown$$00000009)
    .ARM.Collect$$libshutdown$$0000000B      0x08000216   Section        0  libshutdown2.o(.ARM.Collect$$libshutdown$$0000000B)
    .ARM.Collect$$libshutdown$$0000000E      0x08000216   Section        0  libshutdown2.o(.ARM.Collect$$libshutdown$$0000000E)
    .ARM.Collect$$libshutdown$$0000000F      0x08000216   Section        2  libshutdown2.o(.ARM.Collect$$libshutdown$$0000000F)
    .ARM.Collect$$rtentry$$00000000          0x08000218   Section        0  __rtentry.o(.ARM.Collect$$rtentry$$00000000)
    .ARM.Collect$$rtentry$$00000002          0x08000218   Section        0  __rtentry2.o(.ARM.Collect$$rtentry$$00000002)
    .ARM.Collect$$rtentry$$00000004          0x08000218   Section        6  __rtentry4.o(.ARM.Collect$$rtentry$$00000004)
    .ARM.Collect$$rtentry$$00000009          0x0800021e   Section        0  __rtentry2.o(.ARM.Collect$$rtentry$$00000009)
    .ARM.Collect$$rtentry$$0000000A          0x0800021e   Section        4  __rtentry2.o(.ARM.Collect$$rtentry$$0000000A)
    .ARM.Collect$$rtentry$$0000000C          0x08000222   Section        0  __rtentry2.o(.ARM.Collect$$rtentry$$0000000C)
    .ARM.Collect$$rtentry$$0000000D          0x08000222   Section        8  __rtentry2.o(.ARM.Collect$$rtentry$$0000000D)
    .ARM.Collect$$rtexit$$00000000           0x0800022a   Section        2  rtexit.o(.ARM.Collect$$rtexit$$00000000)
    .ARM.Collect$$rtexit$$00000002           0x0800022c   Section        0  rtexit2.o(.ARM.Collect$$rtexit$$00000002)
    .ARM.Collect$$rtexit$$00000003           0x0800022c   Section        4  rtexit2.o(.ARM.Collect$$rtexit$$00000003)
    .ARM.Collect$$rtexit$$00000004           0x08000230   Section        6  rtexit2.o(.ARM.Collect$$rtexit$$00000004)
    .text                                    0x08000238   Section        0  main.o(.text)
    .text                                    0x0800140c   Section        0  stm32f4xx_it.o(.text)
    .text                                    0x08001428   Section        0  system_stm32f4xx.o(.text)
    SetSysClock                              0x08001429   Thumb Code   220  system_stm32f4xx.o(.text)
    .text                                    0x08001638   Section        0  led.o(.text)
    .text                                    0x08001678   Section        0  lcd.o(.text)
    .text                                    0x080062f8   Section        0  fdc2214.o(.text)
    .text                                    0x08006940   Section        0  exti.o(.text)
    .text                                    0x08006b38   Section        0  key.o(.text)
    .text                                    0x08006c3c   Section        0  myiic.o(.text)
    .text                                    0x08006e98   Section        0  delay.o(.text)
    .text                                    0x08006f9c   Section        0  usart.o(.text)
    .text                                    0x080070e8   Section       64  startup_stm32f40_41xxx.o(.text)
    $v0                                      0x080070e8   Number         0  startup_stm32f40_41xxx.o(.text)
    .text                                    0x08007128   Section        0  misc.o(.text)
    .text                                    0x08007208   Section        0  stm32f4xx_gpio.o(.text)
    .text                                    0x0800749c   Section        0  stm32f4xx_fsmc.o(.text)
    .text                                    0x08007a64   Section        0  stm32f4xx_rcc.o(.text)
    .text                                    0x080080c0   Section        0  stm32f4xx_syscfg.o(.text)
    .text                                    0x08008154   Section        0  stm32f4xx_usart.o(.text)
    .text                                    0x080085a8   Section        0  stm32f4xx_exti.o(.text)
    .text                                    0x080086b8   Section        2  use_no_semi_2.o(.text)
    .text                                    0x080086bc   Section        0  noretval__2printf.o(.text)
    .text                                    0x080086d4   Section        0  noretval__2sprintf.o(.text)
    .text                                    0x080086fc   Section        0  _printf_pad.o(.text)
    .text                                    0x0800874c   Section        0  _printf_dec.o(.text)
    .text                                    0x080087c4   Section        0  _printf_hex_int.o(.text)
    .text                                    0x0800881c   Section        0  __printf_flags_wp.o(.text)
    .text                                    0x08008954   Section        0  heapauxi.o(.text)
    .text                                    0x0800895a   Section        2  use_no_semi.o(.text)
    .text                                    0x0800895c   Section        0  _printf_intcommon.o(.text)
    .text                                    0x08008a10   Section        0  _printf_char_common.o(.text)
    _printf_input_char                       0x08008a11   Thumb Code    10  _printf_char_common.o(.text)
    .text                                    0x08008a40   Section        0  _sputc.o(.text)
    .text                                    0x08008a4c   Section        0  _printf_char_file.o(.text)
    .text                                    0x08008a70   Section        0  ferror.o(.text)
    .text                                    0x08008a78   Section       74  sys_stackheap_outer.o(.text)
    .text                                    0x08008ac2   Section        0  exit.o(.text)
    .text                                    0x08008ad0   Section        8  libspace.o(.text)
    i._is_digit                              0x08008ad8   Section        0  __printf_wp.o(i._is_digit)
    x$fpl$ddiv                               0x08008ae8   Section      688  ddiv.o(x$fpl$ddiv)
    $v0                                      0x08008ae8   Number         0  ddiv.o(x$fpl$ddiv)
    ddiv_entry                               0x08008aef   Thumb Code     0  ddiv.o(x$fpl$ddiv)
    x$fpl$dfixu                              0x08008d98   Section       90  dfixu.o(x$fpl$dfixu)
    $v0                                      0x08008d98   Number         0  dfixu.o(x$fpl$dfixu)
    x$fpl$dfltu                              0x08008df2   Section       38  dflt_clz.o(x$fpl$dfltu)
    $v0                                      0x08008df2   Number         0  dflt_clz.o(x$fpl$dfltu)
    x$fpl$dmul                               0x08008e18   Section      340  dmul.o(x$fpl$dmul)
    $v0                                      0x08008e18   Number         0  dmul.o(x$fpl$dmul)
    x$fpl$dnaninf                            0x08008f6c   Section      156  dnaninf.o(x$fpl$dnaninf)
    $v0                                      0x08008f6c   Number         0  dnaninf.o(x$fpl$dnaninf)
    x$fpl$dretinf                            0x08009008   Section       12  dretinf.o(x$fpl$dretinf)
    $v0                                      0x08009008   Number         0  dretinf.o(x$fpl$dretinf)
    x$fpl$f2d                                0x08009014   Section       86  f2d.o(x$fpl$f2d)
    $v0                                      0x08009014   Number         0  f2d.o(x$fpl$f2d)
    x$fpl$fnaninf                            0x0800906a   Section      140  fnaninf.o(x$fpl$fnaninf)
    $v0                                      0x0800906a   Number         0  fnaninf.o(x$fpl$fnaninf)
    x$fpl$fpinit                             0x080090f6   Section       10  fpinit.o(x$fpl$fpinit)
    $v0                                      0x080090f6   Number         0  fpinit.o(x$fpl$fpinit)
    .constdata                               0x08009100   Section     6080  lcd.o(.constdata)
    x$fpl$usenofp                            0x08009100   Section        0  usenofp.o(x$fpl$usenofp)
    .constdata                               0x0800a8c0   Section       28  stm32f4xx_fsmc.o(.constdata)
    .constdata                               0x0800a8dc   Section       40  _printf_hex_int.o(.constdata)
    uc_hextab                                0x0800a8dc   Data          20  _printf_hex_int.o(.constdata)
    lc_hextab                                0x0800a8f0   Data          20  _printf_hex_int.o(.constdata)
    .constdata                               0x0800a904   Section       17  __printf_flags_wp.o(.constdata)
    maptable                                 0x0800a904   Data          17  __printf_flags_wp.o(.constdata)
    .data                                    0x20000000   Section      196  main.o(.data)
    .data                                    0x200000c4   Section       20  system_stm32f4xx.o(.data)
    .data                                    0x200000d8   Section        4  lcd.o(.data)
    .data                                    0x200000dc   Section        4  fdc2214.o(.data)
    .data                                    0x200000e0   Section        1  key.o(.data)
    key_up                                   0x200000e0   Data           1  key.o(.data)
    .data                                    0x200000e2   Section        4  delay.o(.data)
    fac_us                                   0x200000e2   Data           1  delay.o(.data)
    fac_ms                                   0x200000e4   Data           2  delay.o(.data)
    .data                                    0x200000e8   Section        6  usart.o(.data)
    .data                                    0x200000ee   Section       16  stm32f4xx_rcc.o(.data)
    APBAHBPrescTable                         0x200000ee   Data          16  stm32f4xx_rcc.o(.data)
    .bss                                     0x20000100   Section    28976  main.o(.bss)
    .bss                                     0x20007230   Section       14  lcd.o(.bss)
    .bss                                     0x20007240   Section       32  fdc2214.o(.bss)
    .bss                                     0x20007260   Section      200  usart.o(.bss)
    .bss                                     0x20007328   Section       96  libspace.o(.bss)
    HEAP                                     0x20007388   Section      512  startup_stm32f40_41xxx.o(HEAP)
    Heap_Mem                                 0x20007388   Data         512  startup_stm32f40_41xxx.o(HEAP)
    STACK                                    0x20007588   Section     1024  startup_stm32f40_41xxx.o(STACK)
    Stack_Mem                                0x20007588   Data        1024  startup_stm32f40_41xxx.o(STACK)
    __initial_sp                             0x20007988   Data           0  startup_stm32f40_41xxx.o(STACK)

    Global Symbols

    Symbol Name                              Value     Ov Type        Size  Object(Section)

    BuildAttributes$$THM_ISAv4$E$P$D$K$B$S$7EM$VFPi3$EXTD16$VFPS$VFMA$PE$A:L22UL41UL21$X:L11$S22US41US21$IEEE1$IW$USESV6$~STKCKD$USESV7$~SHL$OSPACE$ROPI$EBA8$UX$STANDARDLIB$REQ8$PRES8$EABIv2 0x00000000   Number         0  anon$$obj.o ABSOLUTE
    __ARM_use_no_argv                        0x00000000   Number         0  main.o ABSOLUTE
    _printf_flags                            0x00000000   Number         0  printf_stubs.o ABSOLUTE
    _printf_return_value                     0x00000000   Number         0  printf_stubs.o ABSOLUTE
    _printf_sizespec                         0x00000000   Number         0  printf_stubs.o ABSOLUTE
    _printf_widthprec                        0x00000000   Number         0  printf_stubs.o ABSOLUTE
    __ARM_exceptions_init                     - Undefined Weak Reference
    __alloca_initialize                       - Undefined Weak Reference
    __arm_preinit_                            - Undefined Weak Reference
    __cpp_initialize__aeabi_                  - Undefined Weak Reference
    __cxa_finalize                            - Undefined Weak Reference
    __rt_locale                               - Undefined Weak Reference
    __sigvec_lookup                           - Undefined Weak Reference
    _atexit_init                              - Undefined Weak Reference
    _call_atexit_fns                          - Undefined Weak Reference
    _clock_init                               - Undefined Weak Reference
    _fp_trap_init                             - Undefined Weak Reference
    _fp_trap_shutdown                         - Undefined Weak Reference
    _get_lc_collate                           - Undefined Weak Reference
    _get_lc_ctype                             - Undefined Weak Reference
    _get_lc_monetary                          - Undefined Weak Reference
    _get_lc_numeric                           - Undefined Weak Reference
    _get_lc_time                              - Undefined Weak Reference
    _getenv_init                              - Undefined Weak Reference
    _handle_redirection                       - Undefined Weak Reference
    _init_alloc                               - Undefined Weak Reference
    _init_user_alloc                          - Undefined Weak Reference
    _initio                                   - Undefined Weak Reference
    _mutex_acquire                            - Undefined Weak Reference
    _mutex_release                            - Undefined Weak Reference
    _printf_truncate_signed                   - Undefined Weak Reference
    _printf_truncate_unsigned                 - Undefined Weak Reference
    _rand_init                                - Undefined Weak Reference
    _signal_finish                            - Undefined Weak Reference
    _signal_init                              - Undefined Weak Reference
    _terminate_alloc                          - Undefined Weak Reference
    _terminate_user_alloc                     - Undefined Weak Reference
    _terminateio                              - Undefined Weak Reference
    __Vectors_Size                           0x00000188   Number         0  startup_stm32f40_41xxx.o ABSOLUTE
    __Vectors                                0x08000000   Data           4  startup_stm32f40_41xxx.o(RESET)
    __Vectors_End                            0x08000188   Data           0  startup_stm32f40_41xxx.o(RESET)
    __main                                   0x08000189   Thumb Code     8  __main.o(!!!main)
    __scatterload                            0x08000191   Thumb Code     0  __scatter.o(!!!scatter)
    __scatterload_rt2                        0x08000191   Thumb Code    44  __scatter.o(!!!scatter)
    __scatterload_rt2_thumb_only             0x08000191   Thumb Code     0  __scatter.o(!!!scatter)
    __scatterload_null                       0x0800019f   Thumb Code     0  __scatter.o(!!!scatter)
    __scatterload_copy                       0x080001c5   Thumb Code    26  __scatter_copy.o(!!handler_copy)
    __scatterload_zeroinit                   0x080001e1   Thumb Code    28  __scatter_zi.o(!!handler_zi)
    _printf_d                                0x080001fd   Thumb Code     0  _printf_d.o(.ARM.Collect$$_printf_percent$$00000009)
    _printf_percent                          0x080001fd   Thumb Code     0  _printf_percent.o(.ARM.Collect$$_printf_percent$$00000000)
    _printf_x                                0x08000203   Thumb Code     0  _printf_x.o(.ARM.Collect$$_printf_percent$$0000000C)
    _printf_percent_end                      0x08000209   Thumb Code     0  _printf_percent_end.o(.ARM.Collect$$_printf_percent$$00000017)
    __rt_lib_init                            0x0800020d   Thumb Code     0  libinit.o(.ARM.Collect$$libinit$$00000000)
    __rt_lib_init_fp_1                       0x0800020f   Thumb Code     0  libinit2.o(.ARM.Collect$$libinit$$00000001)
    __rt_lib_init_alloca_1                   0x08000213   Thumb Code     0  libinit2.o(.ARM.Collect$$libinit$$0000002E)
    __rt_lib_init_argv_1                     0x08000213   Thumb Code     0  libinit2.o(.ARM.Collect$$libinit$$0000002C)
    __rt_lib_init_atexit_1                   0x08000213   Thumb Code     0  libinit2.o(.ARM.Collect$$libinit$$0000001B)
    __rt_lib_init_clock_1                    0x08000213   Thumb Code     0  libinit2.o(.ARM.Collect$$libinit$$00000021)
    __rt_lib_init_cpp_1                      0x08000213   Thumb Code     0  libinit2.o(.ARM.Collect$$libinit$$00000032)
    __rt_lib_init_exceptions_1               0x08000213   Thumb Code     0  libinit2.o(.ARM.Collect$$libinit$$00000030)
    __rt_lib_init_fp_trap_1                  0x08000213   Thumb Code     0  libinit2.o(.ARM.Collect$$libinit$$0000001F)
    __rt_lib_init_getenv_1                   0x08000213   Thumb Code     0  libinit2.o(.ARM.Collect$$libinit$$00000023)
    __rt_lib_init_heap_1                     0x08000213   Thumb Code     0  libinit2.o(.ARM.Collect$$libinit$$0000000A)
    __rt_lib_init_lc_collate_1               0x08000213   Thumb Code     0  libinit2.o(.ARM.Collect$$libinit$$00000011)
    __rt_lib_init_lc_ctype_1                 0x08000213   Thumb Code     0  libinit2.o(.ARM.Collect$$libinit$$00000013)
    __rt_lib_init_lc_monetary_1              0x08000213   Thumb Code     0  libinit2.o(.ARM.Collect$$libinit$$00000015)
    __rt_lib_init_lc_numeric_1               0x08000213   Thumb Code     0  libinit2.o(.ARM.Collect$$libinit$$00000017)
    __rt_lib_init_lc_time_1                  0x08000213   Thumb Code     0  libinit2.o(.ARM.Collect$$libinit$$00000019)
    __rt_lib_init_preinit_1                  0x08000213   Thumb Code     0  libinit2.o(.ARM.Collect$$libinit$$00000004)
    __rt_lib_init_rand_1                     0x08000213   Thumb Code     0  libinit2.o(.ARM.Collect$$libinit$$0000000E)
    __rt_lib_init_return                     0x08000213   Thumb Code     0  libinit2.o(.ARM.Collect$$libinit$$00000033)
    __rt_lib_init_signal_1                   0x08000213   Thumb Code     0  libinit2.o(.ARM.Collect$$libinit$$0000001D)
    __rt_lib_init_stdio_1                    0x08000213   Thumb Code     0  libinit2.o(.ARM.Collect$$libinit$$00000025)
    __rt_lib_init_user_alloc_1               0x08000213   Thumb Code     0  libinit2.o(.ARM.Collect$$libinit$$0000000C)
    __rt_lib_shutdown                        0x08000215   Thumb Code     0  libshutdown.o(.ARM.Collect$$libshutdown$$00000000)
    __rt_lib_shutdown_fp_trap_1              0x08000217   Thumb Code     0  libshutdown2.o(.ARM.Collect$$libshutdown$$00000006)
    __rt_lib_shutdown_heap_1                 0x08000217   Thumb Code     0  libshutdown2.o(.ARM.Collect$$libshutdown$$0000000E)
    __rt_lib_shutdown_return                 0x08000217   Thumb Code     0  libshutdown2.o(.ARM.Collect$$libshutdown$$0000000F)
    __rt_lib_shutdown_signal_1               0x08000217   Thumb Code     0  libshutdown2.o(.ARM.Collect$$libshutdown$$00000009)
    __rt_lib_shutdown_stdio_1                0x08000217   Thumb Code     0  libshutdown2.o(.ARM.Collect$$libshutdown$$00000003)
    __rt_lib_shutdown_user_alloc_1           0x08000217   Thumb Code     0  libshutdown2.o(.ARM.Collect$$libshutdown$$0000000B)
    __rt_entry                               0x08000219   Thumb Code     0  __rtentry.o(.ARM.Collect$$rtentry$$00000000)
    __rt_entry_presh_1                       0x08000219   Thumb Code     0  __rtentry2.o(.ARM.Collect$$rtentry$$00000002)
    __rt_entry_sh                            0x08000219   Thumb Code     0  __rtentry4.o(.ARM.Collect$$rtentry$$00000004)
    __rt_entry_li                            0x0800021f   Thumb Code     0  __rtentry2.o(.ARM.Collect$$rtentry$$0000000A)
    __rt_entry_postsh_1                      0x0800021f   Thumb Code     0  __rtentry2.o(.ARM.Collect$$rtentry$$00000009)
    __rt_entry_main                          0x08000223   Thumb Code     0  __rtentry2.o(.ARM.Collect$$rtentry$$0000000D)
    __rt_entry_postli_1                      0x08000223   Thumb Code     0  __rtentry2.o(.ARM.Collect$$rtentry$$0000000C)
    __rt_exit                                0x0800022b   Thumb Code     0  rtexit.o(.ARM.Collect$$rtexit$$00000000)
    __rt_exit_ls                             0x0800022d   Thumb Code     0  rtexit2.o(.ARM.Collect$$rtexit$$00000003)
    __rt_exit_prels_1                        0x0800022d   Thumb Code     0  rtexit2.o(.ARM.Collect$$rtexit$$00000002)
    __rt_exit_exit                           0x08000231   Thumb Code     0  rtexit2.o(.ARM.Collect$$rtexit$$00000004)
    update_learn                             0x08000239   Thumb Code  1438  main.o(.text)
    judge_action                             0x080007d7   Thumb Code  2368  main.o(.text)
    main                                     0x08001117   Thumb Code   576  main.o(.text)
    NMI_Handler                              0x0800140d   Thumb Code     2  stm32f4xx_it.o(.text)
    HardFault_Handler                        0x0800140f   Thumb Code     4  stm32f4xx_it.o(.text)
    MemManage_Handler                        0x08001413   Thumb Code     4  stm32f4xx_it.o(.text)
    BusFault_Handler                         0x08001417   Thumb Code     4  stm32f4xx_it.o(.text)
    UsageFault_Handler                       0x0800141b   Thumb Code     4  stm32f4xx_it.o(.text)
    SVC_Handler                              0x0800141f   Thumb Code     2  stm32f4xx_it.o(.text)
    DebugMon_Handler                         0x08001421   Thumb Code     2  stm32f4xx_it.o(.text)
    PendSV_Handler                           0x08001423   Thumb Code     2  stm32f4xx_it.o(.text)
    SysTick_Handler                          0x08001425   Thumb Code     2  stm32f4xx_it.o(.text)
    SystemInit                               0x08001505   Thumb Code    88  system_stm32f4xx.o(.text)
    SystemCoreClockUpdate                    0x0800155d   Thumb Code   174  system_stm32f4xx.o(.text)
    LED_Init                                 0x08001639   Thumb Code    60  led.o(.text)
    LCD_WR_REG                               0x08001679   Thumb Code    18  lcd.o(.text)
    LCD_WR_DATA                              0x0800168b   Thumb Code    20  lcd.o(.text)
    LCD_RD_DATA                              0x0800169f   Thumb Code    16  lcd.o(.text)
    LCD_WriteReg                             0x080016af   Thumb Code    14  lcd.o(.text)
    LCD_ReadReg                              0x080016bd   Thumb Code    22  lcd.o(.text)
    LCD_WriteRAM_Prepare                     0x080016d3   Thumb Code    10  lcd.o(.text)
    LCD_WriteRAM                             0x080016dd   Thumb Code     8  lcd.o(.text)
    LCD_BGR2RGB                              0x080016e5   Thumb Code    26  lcd.o(.text)
    opt_delay                                0x080016ff   Thumb Code    14  lcd.o(.text)
    LCD_SetCursor                            0x0800170d   Thumb Code   418  lcd.o(.text)
    LCD_ReadPoint                            0x080018af   Thumb Code   360  lcd.o(.text)
    LCD_DisplayOn                            0x08001a17   Thumb Code   102  lcd.o(.text)
    LCD_DisplayOff                           0x08001a7d   Thumb Code    90  lcd.o(.text)
    LCD_Scan_Dir                             0x08001ad7   Thumb Code   744  lcd.o(.text)
    LCD_DrawPoint                            0x08001dbf   Thumb Code    28  lcd.o(.text)
    LCD_Fast_DrawPoint                       0x08001ddb   Thumb Code   388  lcd.o(.text)
    LCD_SSD_BackLightSet                     0x08001f5f   Thumb Code    88  lcd.o(.text)
    LCD_Display_Dir                          0x08001fb7   Thumb Code   444  lcd.o(.text)
    LCD_Set_Window                           0x08002173   Thumb Code   546  lcd.o(.text)
    LCD_Clear                                0x08002395   Thumb Code   100  lcd.o(.text)
    LCD_Init                                 0x080023f9   Thumb Code 14696  lcd.o(.text)
    LCD_Fill                                 0x08005d61   Thumb Code   180  lcd.o(.text)
    LCD_Color_Fill                           0x08005e15   Thumb Code   100  lcd.o(.text)
    LCD_DrawLine                             0x08005e79   Thumb Code   176  lcd.o(.text)
    LCD_DrawRectangle                        0x08005f29   Thumb Code    60  lcd.o(.text)
    LCD_Draw_Circle                          0x08005f65   Thumb Code   152  lcd.o(.text)
    LCD_ShowChar                             0x08005ffd   Thumb Code   272  lcd.o(.text)
    LCD_Pow                                  0x0800610d   Thumb Code    22  lcd.o(.text)
    LCD_ShowNum                              0x08006123   Thumb Code   148  lcd.o(.text)
    LCD_ShowxNum                             0x080061b7   Thumb Code   220  lcd.o(.text)
    LCD_ShowString                           0x08006293   Thumb Code   102  lcd.o(.text)
    FDC2214_Write16                          0x080062f9   Thumb Code    68  fdc2214.o(.text)
    FDC2214_Read16                           0x0800633d   Thumb Code    76  fdc2214.o(.text)
    FDC2214_GetChannelData                   0x08006389   Thumb Code   146  fdc2214.o(.text)
    FDC2214_SetRcount                        0x0800641b   Thumb Code    82  fdc2214.o(.text)
    FDC2214_SetSettleCount                   0x0800646d   Thumb Code    74  fdc2214.o(.text)
    FDC2214_SetChannelClock                  0x080064b7   Thumb Code   144  fdc2214.o(.text)
    FDC2214_SetINTB                          0x08006547   Thumb Code    72  fdc2214.o(.text)
    FDC2214_SetActiveChannel                 0x0800658f   Thumb Code    42  fdc2214.o(.text)
    FDC2214_SetSleepMode                     0x080065b9   Thumb Code    40  fdc2214.o(.text)
    FDC2214_SetCurrentMode                   0x080065e1   Thumb Code    40  fdc2214.o(.text)
    FDC2214_SetClockSource                   0x08006609   Thumb Code    40  fdc2214.o(.text)
    FDC2214_SetHighCurrentMode               0x08006631   Thumb Code    40  fdc2214.o(.text)
    FDC2214_SetMUX_CONFIG                    0x08006659   Thumb Code    48  fdc2214.o(.text)
    FDC2214_Reset                            0x08006689   Thumb Code    16  fdc2214.o(.text)
    FDC2214_SetDriveCurrent                  0x08006699   Thumb Code    84  fdc2214.o(.text)
    FDC2214_CalculateFrequency               0x080066ed   Thumb Code   120  fdc2214.o(.text)
    FDC2214_CalculateCapacitance             0x08006765   Thumb Code   144  fdc2214.o(.text)
    FDC2214_Init                             0x080067f5   Thumb Code   308  fdc2214.o(.text)
    EXTIX_Init                               0x08006941   Thumb Code   156  exti.o(.text)
    EXTI2_IRQHandler                         0x080069dd   Thumb Code   126  exti.o(.text)
    EXTI3_IRQHandler                         0x08006a5b   Thumb Code   132  exti.o(.text)
    EXTI4_IRQHandler                         0x08006adf   Thumb Code    48  exti.o(.text)
    KEY_Init                                 0x08006b39   Thumb Code    60  key.o(.text)
    KEY_Scan                                 0x08006b75   Thumb Code   188  key.o(.text)
    IIC_Init                                 0x08006c3d   Thumb Code    62  myiic.o(.text)
    IIC_Start                                0x08006c7b   Thumb Code    68  myiic.o(.text)
    IIC_Stop                                 0x08006cbf   Thumb Code    62  myiic.o(.text)
    IIC_Wait_Ack                             0x08006cfd   Thumb Code    82  myiic.o(.text)
    IIC_Ack                                  0x08006d4f   Thumb Code    66  myiic.o(.text)
    IIC_NAck                                 0x08006d91   Thumb Code    66  myiic.o(.text)
    IIC_Send_Byte                            0x08006dd3   Thumb Code    90  myiic.o(.text)
    IIC_Read_Byte                            0x08006e2d   Thumb Code    94  myiic.o(.text)
    delay_init                               0x08006e99   Thumb Code    52  delay.o(.text)
    delay_us                                 0x08006ecd   Thumb Code    72  delay.o(.text)
    delay_xms                                0x08006f15   Thumb Code    72  delay.o(.text)
    delay_ms                                 0x08006f5d   Thumb Code    56  delay.o(.text)
    _sys_exit                                0x08006f9d   Thumb Code     6  usart.o(.text)
    fputc                                    0x08006fa3   Thumb Code    22  usart.o(.text)
    uart_init                                0x08006fb9   Thumb Code   164  usart.o(.text)
    USART1_IRQHandler                        0x0800705d   Thumb Code   122  usart.o(.text)
    Reset_Handler                            0x080070e9   Thumb Code     8  startup_stm32f40_41xxx.o(.text)
    ADC_IRQHandler                           0x08007103   Thumb Code     0  startup_stm32f40_41xxx.o(.text)
    CAN1_RX0_IRQHandler                      0x08007103   Thumb Code     0  startup_stm32f40_41xxx.o(.text)
    CAN1_RX1_IRQHandler                      0x08007103   Thumb Code     0  startup_stm32f40_41xxx.o(.text)
    CAN1_SCE_IRQHandler                      0x08007103   Thumb Code     0  startup_stm32f40_41xxx.o(.text)
    CAN1_TX_IRQHandler                       0x08007103   Thumb Code     0  startup_stm32f40_41xxx.o(.text)
    CAN2_RX0_IRQHandler                      0x08007103   Thumb Code     0  startup_stm32f40_41xxx.o(.text)
    CAN2_RX1_IRQHandler                      0x08007103   Thumb Code     0  startup_stm32f40_41xxx.o(.text)
    CAN2_SCE_IRQHandler                      0x08007103   Thumb Code     0  startup_stm32f40_41xxx.o(.text)
    CAN2_TX_IRQHandler                       0x08007103   Thumb Code     0  startup_stm32f40_41xxx.o(.text)
    CRYP_IRQHandler                          0x08007103   Thumb Code     0  startup_stm32f40_41xxx.o(.text)
    DCMI_IRQHandler                          0x08007103   Thumb Code     0  startup_stm32f40_41xxx.o(.text)
    DMA1_Stream0_IRQHandler                  0x08007103   Thumb Code     0  startup_stm32f40_41xxx.o(.text)
    DMA1_Stream1_IRQHandler                  0x08007103   Thumb Code     0  startup_stm32f40_41xxx.o(.text)
    DMA1_Stream2_IRQHandler                  0x08007103   Thumb Code     0  startup_stm32f40_41xxx.o(.text)
    DMA1_Stream3_IRQHandler                  0x08007103   Thumb Code     0  startup_stm32f40_41xxx.o(.text)
    DMA1_Stream4_IRQHandler                  0x08007103   Thumb Code     0  startup_stm32f40_41xxx.o(.text)
    DMA1_Stream5_IRQHandler                  0x08007103   Thumb Code     0  startup_stm32f40_41xxx.o(.text)
    DMA1_Stream6_IRQHandler                  0x08007103   Thumb Code     0  startup_stm32f40_41xxx.o(.text)
    DMA1_Stream7_IRQHandler                  0x08007103   Thumb Code     0  startup_stm32f40_41xxx.o(.text)
    DMA2_Stream0_IRQHandler                  0x08007103   Thumb Code     0  startup_stm32f40_41xxx.o(.text)
    DMA2_Stream1_IRQHandler                  0x08007103   Thumb Code     0  startup_stm32f40_41xxx.o(.text)
    DMA2_Stream2_IRQHandler                  0x08007103   Thumb Code     0  startup_stm32f40_41xxx.o(.text)
    DMA2_Stream3_IRQHandler                  0x08007103   Thumb Code     0  startup_stm32f40_41xxx.o(.text)
    DMA2_Stream4_IRQHandler                  0x08007103   Thumb Code     0  startup_stm32f40_41xxx.o(.text)
    DMA2_Stream5_IRQHandler                  0x08007103   Thumb Code     0  startup_stm32f40_41xxx.o(.text)
    DMA2_Stream6_IRQHandler                  0x08007103   Thumb Code     0  startup_stm32f40_41xxx.o(.text)
    DMA2_Stream7_IRQHandler                  0x08007103   Thumb Code     0  startup_stm32f40_41xxx.o(.text)
    ETH_IRQHandler                           0x08007103   Thumb Code     0  startup_stm32f40_41xxx.o(.text)
    ETH_WKUP_IRQHandler                      0x08007103   Thumb Code     0  startup_stm32f40_41xxx.o(.text)
    EXTI0_IRQHandler                         0x08007103   Thumb Code     0  startup_stm32f40_41xxx.o(.text)
    EXTI15_10_IRQHandler                     0x08007103   Thumb Code     0  startup_stm32f40_41xxx.o(.text)
    EXTI1_IRQHandler                         0x08007103   Thumb Code     0  startup_stm32f40_41xxx.o(.text)
    EXTI9_5_IRQHandler                       0x08007103   Thumb Code     0  startup_stm32f40_41xxx.o(.text)
    FLASH_IRQHandler                         0x08007103   Thumb Code     0  startup_stm32f40_41xxx.o(.text)
    FPU_IRQHandler                           0x08007103   Thumb Code     0  startup_stm32f40_41xxx.o(.text)
    FSMC_IRQHandler                          0x08007103   Thumb Code     0  startup_stm32f40_41xxx.o(.text)
    HASH_RNG_IRQHandler                      0x08007103   Thumb Code     0  startup_stm32f40_41xxx.o(.text)
    I2C1_ER_IRQHandler                       0x08007103   Thumb Code     0  startup_stm32f40_41xxx.o(.text)
    I2C1_EV_IRQHandler                       0x08007103   Thumb Code     0  startup_stm32f40_41xxx.o(.text)
    I2C2_ER_IRQHandler                       0x08007103   Thumb Code     0  startup_stm32f40_41xxx.o(.text)
    I2C2_EV_IRQHandler                       0x08007103   Thumb Code     0  startup_stm32f40_41xxx.o(.text)
    I2C3_ER_IRQHandler                       0x08007103   Thumb Code     0  startup_stm32f40_41xxx.o(.text)
    I2C3_EV_IRQHandler                       0x08007103   Thumb Code     0  startup_stm32f40_41xxx.o(.text)
    OTG_FS_IRQHandler                        0x08007103   Thumb Code     0  startup_stm32f40_41xxx.o(.text)
    OTG_FS_WKUP_IRQHandler                   0x08007103   Thumb Code     0  startup_stm32f40_41xxx.o(.text)
    OTG_HS_EP1_IN_IRQHandler                 0x08007103   Thumb Code     0  startup_stm32f40_41xxx.o(.text)
    OTG_HS_EP1_OUT_IRQHandler                0x08007103   Thumb Code     0  startup_stm32f40_41xxx.o(.text)
    OTG_HS_IRQHandler                        0x08007103   Thumb Code     0  startup_stm32f40_41xxx.o(.text)
    OTG_HS_WKUP_IRQHandler                   0x08007103   Thumb Code     0  startup_stm32f40_41xxx.o(.text)
    PVD_IRQHandler                           0x08007103   Thumb Code     0  startup_stm32f40_41xxx.o(.text)
    RCC_IRQHandler                           0x08007103   Thumb Code     0  startup_stm32f40_41xxx.o(.text)
    RTC_Alarm_IRQHandler                     0x08007103   Thumb Code     0  startup_stm32f40_41xxx.o(.text)
    RTC_WKUP_IRQHandler                      0x08007103   Thumb Code     0  startup_stm32f40_41xxx.o(.text)
    SDIO_IRQHandler                          0x08007103   Thumb Code     0  startup_stm32f40_41xxx.o(.text)
    SPI1_IRQHandler                          0x08007103   Thumb Code     0  startup_stm32f40_41xxx.o(.text)
    SPI2_IRQHandler                          0x08007103   Thumb Code     0  startup_stm32f40_41xxx.o(.text)
    SPI3_IRQHandler                          0x08007103   Thumb Code     0  startup_stm32f40_41xxx.o(.text)
    TAMP_STAMP_IRQHandler                    0x08007103   Thumb Code     0  startup_stm32f40_41xxx.o(.text)
    TIM1_BRK_TIM9_IRQHandler                 0x08007103   Thumb Code     0  startup_stm32f40_41xxx.o(.text)
    TIM1_CC_IRQHandler                       0x08007103   Thumb Code     0  startup_stm32f40_41xxx.o(.text)
    TIM1_TRG_COM_TIM11_IRQHandler            0x08007103   Thumb Code     0  startup_stm32f40_41xxx.o(.text)
    TIM1_UP_TIM10_IRQHandler                 0x08007103   Thumb Code     0  startup_stm32f40_41xxx.o(.text)
    TIM2_IRQHandler                          0x08007103   Thumb Code     0  startup_stm32f40_41xxx.o(.text)
    TIM3_IRQHandler                          0x08007103   Thumb Code     0  startup_stm32f40_41xxx.o(.text)
    TIM4_IRQHandler                          0x08007103   Thumb Code     0  startup_stm32f40_41xxx.o(.text)
    TIM5_IRQHandler                          0x08007103   Thumb Code     0  startup_stm32f40_41xxx.o(.text)
    TIM6_DAC_IRQHandler                      0x08007103   Thumb Code     0  startup_stm32f40_41xxx.o(.text)
    TIM7_IRQHandler                          0x08007103   Thumb Code     0  startup_stm32f40_41xxx.o(.text)
    TIM8_BRK_TIM12_IRQHandler                0x08007103   Thumb Code     0  startup_stm32f40_41xxx.o(.text)
    TIM8_CC_IRQHandler                       0x08007103   Thumb Code     0  startup_stm32f40_41xxx.o(.text)
    TIM8_TRG_COM_TIM14_IRQHandler            0x08007103   Thumb Code     0  startup_stm32f40_41xxx.o(.text)
    TIM8_UP_TIM13_IRQHandler                 0x08007103   Thumb Code     0  startup_stm32f40_41xxx.o(.text)
    UART4_IRQHandler                         0x08007103   Thumb Code     0  startup_stm32f40_41xxx.o(.text)
    UART5_IRQHandler                         0x08007103   Thumb Code     0  startup_stm32f40_41xxx.o(.text)
    USART2_IRQHandler                        0x08007103   Thumb Code     0  startup_stm32f40_41xxx.o(.text)
    USART3_IRQHandler                        0x08007103   Thumb Code     0  startup_stm32f40_41xxx.o(.text)
    USART6_IRQHandler                        0x08007103   Thumb Code     0  startup_stm32f40_41xxx.o(.text)
    WWDG_IRQHandler                          0x08007103   Thumb Code     0  startup_stm32f40_41xxx.o(.text)
    __user_initial_stackheap                 0x08007105   Thumb Code     0  startup_stm32f40_41xxx.o(.text)
    NVIC_PriorityGroupConfig                 0x08007129   Thumb Code    10  misc.o(.text)
    NVIC_Init                                0x08007133   Thumb Code   106  misc.o(.text)
    NVIC_SetVectorTable                      0x0800719d   Thumb Code    14  misc.o(.text)
    NVIC_SystemLPConfig                      0x080071ab   Thumb Code    34  misc.o(.text)
    SysTick_CLKSourceConfig                  0x080071cd   Thumb Code    40  misc.o(.text)
    GPIO_DeInit                              0x08007209   Thumb Code   268  stm32f4xx_gpio.o(.text)
    GPIO_Init                                0x08007315   Thumb Code   144  stm32f4xx_gpio.o(.text)
    GPIO_StructInit                          0x080073a5   Thumb Code    18  stm32f4xx_gpio.o(.text)
    GPIO_PinLockConfig                       0x080073b7   Thumb Code    34  stm32f4xx_gpio.o(.text)
    GPIO_ReadInputDataBit                    0x080073d9   Thumb Code    18  stm32f4xx_gpio.o(.text)
    GPIO_ReadInputData                       0x080073eb   Thumb Code     8  stm32f4xx_gpio.o(.text)
    GPIO_ReadOutputDataBit                   0x080073f3   Thumb Code    18  stm32f4xx_gpio.o(.text)
    GPIO_ReadOutputData                      0x08007405   Thumb Code     8  stm32f4xx_gpio.o(.text)
    GPIO_SetBits                             0x0800740d   Thumb Code     4  stm32f4xx_gpio.o(.text)
    GPIO_ResetBits                           0x08007411   Thumb Code     4  stm32f4xx_gpio.o(.text)
    GPIO_WriteBit                            0x08007415   Thumb Code    10  stm32f4xx_gpio.o(.text)
    GPIO_Write                               0x0800741f   Thumb Code     4  stm32f4xx_gpio.o(.text)
    GPIO_ToggleBits                          0x08007423   Thumb Code     8  stm32f4xx_gpio.o(.text)
    GPIO_PinAFConfig                         0x0800742b   Thumb Code    70  stm32f4xx_gpio.o(.text)
    FSMC_NORSRAMDeInit                       0x0800749d   Thumb Code    54  stm32f4xx_fsmc.o(.text)
    FSMC_NORSRAMInit                         0x080074d3   Thumb Code   230  stm32f4xx_fsmc.o(.text)
    FSMC_NORSRAMStructInit                   0x080075b9   Thumb Code    48  stm32f4xx_fsmc.o(.text)
    FSMC_NORSRAMCmd                          0x080075e9   Thumb Code    46  stm32f4xx_fsmc.o(.text)
    FSMC_NANDDeInit                          0x08007617   Thumb Code    62  stm32f4xx_fsmc.o(.text)
    FSMC_NANDInit                            0x08007655   Thumb Code   132  stm32f4xx_fsmc.o(.text)
    FSMC_NANDStructInit                      0x080076d9   Thumb Code    54  stm32f4xx_fsmc.o(.text)
    FSMC_NANDCmd                             0x0800770f   Thumb Code    86  stm32f4xx_fsmc.o(.text)
    FSMC_NANDECCCmd                          0x08007765   Thumb Code    86  stm32f4xx_fsmc.o(.text)
    FSMC_GetECC                              0x080077bb   Thumb Code    24  stm32f4xx_fsmc.o(.text)
    FSMC_PCCARDDeInit                        0x080077d3   Thumb Code    36  stm32f4xx_fsmc.o(.text)
    FSMC_PCCARDInit                          0x080077f7   Thumb Code   130  stm32f4xx_fsmc.o(.text)
    FSMC_PCCARDStructInit                    0x08007879   Thumb Code    60  stm32f4xx_fsmc.o(.text)
    FSMC_PCCARDCmd                           0x080078b5   Thumb Code    44  stm32f4xx_fsmc.o(.text)
    FSMC_ITConfig                            0x080078e1   Thumb Code   128  stm32f4xx_fsmc.o(.text)
    FSMC_GetFlagStatus                       0x08007961   Thumb Code    54  stm32f4xx_fsmc.o(.text)
    FSMC_ClearFlag                           0x08007997   Thumb Code    74  stm32f4xx_fsmc.o(.text)
    FSMC_GetITStatus                         0x080079e1   Thumb Code    62  stm32f4xx_fsmc.o(.text)
    FSMC_ClearITPendingBit                   0x08007a1f   Thumb Code    66  stm32f4xx_fsmc.o(.text)
    RCC_DeInit                               0x08007a65   Thumb Code    82  stm32f4xx_rcc.o(.text)
    RCC_HSEConfig                            0x08007ab7   Thumb Code    14  stm32f4xx_rcc.o(.text)
    RCC_GetFlagStatus                        0x08007ac5   Thumb Code    60  stm32f4xx_rcc.o(.text)
    RCC_WaitForHSEStartUp                    0x08007b01   Thumb Code    56  stm32f4xx_rcc.o(.text)
    RCC_AdjustHSICalibrationValue            0x08007b39   Thumb Code    20  stm32f4xx_rcc.o(.text)
    RCC_HSICmd                               0x08007b4d   Thumb Code     6  stm32f4xx_rcc.o(.text)
    RCC_LSEConfig                            0x08007b53   Thumb Code    46  stm32f4xx_rcc.o(.text)
    RCC_LSICmd                               0x08007b81   Thumb Code     6  stm32f4xx_rcc.o(.text)
    RCC_PLLConfig                            0x08007b87   Thumb Code    32  stm32f4xx_rcc.o(.text)
    RCC_PLLCmd                               0x08007ba7   Thumb Code     6  stm32f4xx_rcc.o(.text)
    RCC_PLLI2SConfig                         0x08007bad   Thumb Code    14  stm32f4xx_rcc.o(.text)
    RCC_PLLI2SCmd                            0x08007bbb   Thumb Code     6  stm32f4xx_rcc.o(.text)
    RCC_PLLSAIConfig                         0x08007bc1   Thumb Code    20  stm32f4xx_rcc.o(.text)
    RCC_PLLSAICmd                            0x08007bd5   Thumb Code     6  stm32f4xx_rcc.o(.text)
    RCC_ClockSecuritySystemCmd               0x08007bdb   Thumb Code     6  stm32f4xx_rcc.o(.text)
    RCC_MCO1Config                           0x08007be1   Thumb Code    28  stm32f4xx_rcc.o(.text)
    RCC_MCO2Config                           0x08007bfd   Thumb Code    28  stm32f4xx_rcc.o(.text)
    RCC_SYSCLKConfig                         0x08007c19   Thumb Code    20  stm32f4xx_rcc.o(.text)
    RCC_GetSYSCLKSource                      0x08007c2d   Thumb Code    12  stm32f4xx_rcc.o(.text)
    RCC_HCLKConfig                           0x08007c39   Thumb Code    20  stm32f4xx_rcc.o(.text)
    RCC_PCLK1Config                          0x08007c4d   Thumb Code    20  stm32f4xx_rcc.o(.text)
    RCC_PCLK2Config                          0x08007c61   Thumb Code    22  stm32f4xx_rcc.o(.text)
    RCC_GetClocksFreq                        0x08007c77   Thumb Code   222  stm32f4xx_rcc.o(.text)
    RCC_RTCCLKConfig                         0x08007d55   Thumb Code    54  stm32f4xx_rcc.o(.text)
    RCC_RTCCLKCmd                            0x08007d8b   Thumb Code     8  stm32f4xx_rcc.o(.text)
    RCC_BackupResetCmd                       0x08007d93   Thumb Code     8  stm32f4xx_rcc.o(.text)
    RCC_I2SCLKConfig                         0x08007d9b   Thumb Code     6  stm32f4xx_rcc.o(.text)
    RCC_SAIPLLI2SClkDivConfig                0x08007da1   Thumb Code    26  stm32f4xx_rcc.o(.text)
    RCC_SAIPLLSAIClkDivConfig                0x08007dbb   Thumb Code    28  stm32f4xx_rcc.o(.text)
    RCC_SAIBlockACLKConfig                   0x08007dd7   Thumb Code    20  stm32f4xx_rcc.o(.text)
    RCC_SAIBlockBCLKConfig                   0x08007deb   Thumb Code    20  stm32f4xx_rcc.o(.text)
    RCC_LTDCCLKDivConfig                     0x08007dff   Thumb Code    20  stm32f4xx_rcc.o(.text)
    RCC_TIMCLKPresConfig                     0x08007e13   Thumb Code     6  stm32f4xx_rcc.o(.text)
    RCC_AHB1PeriphClockCmd                   0x08007e19   Thumb Code    34  stm32f4xx_rcc.o(.text)
    RCC_AHB2PeriphClockCmd                   0x08007e3b   Thumb Code    78  stm32f4xx_rcc.o(.text)
    RCC_AHB3PeriphClockCmd                   0x08007e89   Thumb Code    34  stm32f4xx_rcc.o(.text)
    RCC_APB1PeriphClockCmd                   0x08007eab   Thumb Code    34  stm32f4xx_rcc.o(.text)
    RCC_APB2PeriphClockCmd                   0x08007ecd   Thumb Code    34  stm32f4xx_rcc.o(.text)
    RCC_AHB1PeriphResetCmd                   0x08007eef   Thumb Code    34  stm32f4xx_rcc.o(.text)
    RCC_AHB2PeriphResetCmd                   0x08007f11   Thumb Code    34  stm32f4xx_rcc.o(.text)
    RCC_AHB3PeriphResetCmd                   0x08007f33   Thumb Code    34  stm32f4xx_rcc.o(.text)
    RCC_APB1PeriphResetCmd                   0x08007f55   Thumb Code    34  stm32f4xx_rcc.o(.text)
    RCC_APB2PeriphResetCmd                   0x08007f77   Thumb Code    34  stm32f4xx_rcc.o(.text)
    RCC_AHB1PeriphClockLPModeCmd             0x08007f99   Thumb Code    34  stm32f4xx_rcc.o(.text)
    RCC_AHB2PeriphClockLPModeCmd             0x08007fbb   Thumb Code    34  stm32f4xx_rcc.o(.text)
    RCC_AHB3PeriphClockLPModeCmd             0x08007fdd   Thumb Code    34  stm32f4xx_rcc.o(.text)
    RCC_APB1PeriphClockLPModeCmd             0x08007fff   Thumb Code    34  stm32f4xx_rcc.o(.text)
    RCC_APB2PeriphClockLPModeCmd             0x08008021   Thumb Code    34  stm32f4xx_rcc.o(.text)
    RCC_LSEModeConfig                        0x08008043   Thumb Code    40  stm32f4xx_rcc.o(.text)
    RCC_ITConfig                             0x0800806b   Thumb Code    34  stm32f4xx_rcc.o(.text)
    RCC_ClearFlag                            0x0800808d   Thumb Code    18  stm32f4xx_rcc.o(.text)
    RCC_GetITStatus                          0x0800809f   Thumb Code    22  stm32f4xx_rcc.o(.text)
    RCC_ClearITPendingBit                    0x080080b5   Thumb Code     8  stm32f4xx_rcc.o(.text)
    SYSCFG_DeInit                            0x080080c1   Thumb Code    22  stm32f4xx_syscfg.o(.text)
    SYSCFG_MemoryRemapConfig                 0x080080d7   Thumb Code     6  stm32f4xx_syscfg.o(.text)
    SYSCFG_MemorySwappingBank                0x080080dd   Thumb Code     6  stm32f4xx_syscfg.o(.text)
    SYSCFG_EXTILineConfig                    0x080080e3   Thumb Code    66  stm32f4xx_syscfg.o(.text)
    SYSCFG_ETH_MediaInterfaceConfig          0x08008125   Thumb Code     8  stm32f4xx_syscfg.o(.text)
    SYSCFG_CompensationCellCmd               0x0800812d   Thumb Code     6  stm32f4xx_syscfg.o(.text)
    SYSCFG_GetCompensationCellStatus         0x08008133   Thumb Code    22  stm32f4xx_syscfg.o(.text)
    USART_DeInit                             0x08008155   Thumb Code   206  stm32f4xx_usart.o(.text)
    USART_Init                               0x08008223   Thumb Code   204  stm32f4xx_usart.o(.text)
    USART_StructInit                         0x080082ef   Thumb Code    24  stm32f4xx_usart.o(.text)
    USART_ClockInit                          0x08008307   Thumb Code    32  stm32f4xx_usart.o(.text)
    USART_ClockStructInit                    0x08008327   Thumb Code    12  stm32f4xx_usart.o(.text)
    USART_Cmd                                0x08008333   Thumb Code    24  stm32f4xx_usart.o(.text)
    USART_SetPrescaler                       0x0800834b   Thumb Code    16  stm32f4xx_usart.o(.text)
    USART_OverSampling8Cmd                   0x0800835b   Thumb Code    22  stm32f4xx_usart.o(.text)
    USART_OneBitMethodCmd                    0x08008371   Thumb Code    24  stm32f4xx_usart.o(.text)
    USART_SendData                           0x08008389   Thumb Code     8  stm32f4xx_usart.o(.text)
    USART_ReceiveData                        0x08008391   Thumb Code    10  stm32f4xx_usart.o(.text)
    USART_SetAddress                         0x0800839b   Thumb Code    18  stm32f4xx_usart.o(.text)
    USART_ReceiverWakeUpCmd                  0x080083ad   Thumb Code    24  stm32f4xx_usart.o(.text)
    USART_WakeUpConfig                       0x080083c5   Thumb Code    18  stm32f4xx_usart.o(.text)
    USART_LINBreakDetectLengthConfig         0x080083d7   Thumb Code    18  stm32f4xx_usart.o(.text)
    USART_LINCmd                             0x080083e9   Thumb Code    24  stm32f4xx_usart.o(.text)
    USART_SendBreak                          0x08008401   Thumb Code    10  stm32f4xx_usart.o(.text)
    USART_HalfDuplexCmd                      0x0800840b   Thumb Code    24  stm32f4xx_usart.o(.text)
    USART_SetGuardTime                       0x08008423   Thumb Code    16  stm32f4xx_usart.o(.text)
    USART_SmartCardCmd                       0x08008433   Thumb Code    24  stm32f4xx_usart.o(.text)
    USART_SmartCardNACKCmd                   0x0800844b   Thumb Code    24  stm32f4xx_usart.o(.text)
    USART_IrDAConfig                         0x08008463   Thumb Code    18  stm32f4xx_usart.o(.text)
    USART_IrDACmd                            0x08008475   Thumb Code    24  stm32f4xx_usart.o(.text)
    USART_DMACmd                             0x0800848d   Thumb Code    18  stm32f4xx_usart.o(.text)
    USART_ITConfig                           0x0800849f   Thumb Code    74  stm32f4xx_usart.o(.text)
    USART_GetFlagStatus                      0x080084e9   Thumb Code    26  stm32f4xx_usart.o(.text)
    USART_ClearFlag                          0x08008503   Thumb Code    18  stm32f4xx_usart.o(.text)
    USART_GetITStatus                        0x08008515   Thumb Code   118  stm32f4xx_usart.o(.text)
    USART_ClearITPendingBit                  0x0800858b   Thumb Code    30  stm32f4xx_usart.o(.text)
    EXTI_DeInit                              0x080085a9   Thumb Code    28  stm32f4xx_exti.o(.text)
    EXTI_Init                                0x080085c5   Thumb Code   142  stm32f4xx_exti.o(.text)
    EXTI_StructInit                          0x08008653   Thumb Code    16  stm32f4xx_exti.o(.text)
    EXTI_GenerateSWInterrupt                 0x08008663   Thumb Code    16  stm32f4xx_exti.o(.text)
    EXTI_GetFlagStatus                       0x08008673   Thumb Code    22  stm32f4xx_exti.o(.text)
    EXTI_ClearFlag                           0x08008689   Thumb Code     8  stm32f4xx_exti.o(.text)
    EXTI_GetITStatus                         0x08008691   Thumb Code    22  stm32f4xx_exti.o(.text)
    EXTI_ClearITPendingBit                   0x080086a7   Thumb Code     8  stm32f4xx_exti.o(.text)
    __use_no_semihosting                     0x080086b9   Thumb Code     2  use_no_semi_2.o(.text)
    __2printf                                0x080086bd   Thumb Code    20  noretval__2printf.o(.text)
    __2sprintf                               0x080086d5   Thumb Code    34  noretval__2sprintf.o(.text)
    _printf_pre_padding                      0x080086fd   Thumb Code    44  _printf_pad.o(.text)
    _printf_post_padding                     0x08008729   Thumb Code    34  _printf_pad.o(.text)
    _printf_int_dec                          0x0800874d   Thumb Code   104  _printf_dec.o(.text)
    _printf_int_hex                          0x080087c5   Thumb Code    84  _printf_hex_int.o(.text)
    _printf_longlong_hex                     0x080087c5   Thumb Code     0  _printf_hex_int.o(.text)
    __printf                                 0x0800881d   Thumb Code   308  __printf_flags_wp.o(.text)
    __use_two_region_memory                  0x08008955   Thumb Code     2  heapauxi.o(.text)
    __rt_heap_escrow$2region                 0x08008957   Thumb Code     2  heapauxi.o(.text)
    __rt_heap_expand$2region                 0x08008959   Thumb Code     2  heapauxi.o(.text)
    __I$use$semihosting                      0x0800895b   Thumb Code     0  use_no_semi.o(.text)
    __use_no_semihosting_swi                 0x0800895b   Thumb Code     2  use_no_semi.o(.text)
    _printf_int_common                       0x0800895d   Thumb Code   178  _printf_intcommon.o(.text)
    _printf_char_common                      0x08008a1b   Thumb Code    32  _printf_char_common.o(.text)
    _sputc                                   0x08008a41   Thumb Code    10  _sputc.o(.text)
    _printf_char_file                        0x08008a4d   Thumb Code    32  _printf_char_file.o(.text)
    ferror                                   0x08008a71   Thumb Code     8  ferror.o(.text)
    __user_setup_stackheap                   0x08008a79   Thumb Code    74  sys_stackheap_outer.o(.text)
    exit                                     0x08008ac3   Thumb Code    12  exit.o(.text)
    __user_libspace                          0x08008ad1   Thumb Code     8  libspace.o(.text)
    __user_perproc_libspace                  0x08008ad1   Thumb Code     0  libspace.o(.text)
    __user_perthread_libspace                0x08008ad1   Thumb Code     0  libspace.o(.text)
    _is_digit                                0x08008ad9   Thumb Code    14  __printf_wp.o(i._is_digit)
    __aeabi_ddiv                             0x08008ae9   Thumb Code     0  ddiv.o(x$fpl$ddiv)
    _ddiv                                    0x08008ae9   Thumb Code   552  ddiv.o(x$fpl$ddiv)
    __aeabi_d2uiz                            0x08008d99   Thumb Code     0  dfixu.o(x$fpl$dfixu)
    _dfixu                                   0x08008d99   Thumb Code    90  dfixu.o(x$fpl$dfixu)
    __aeabi_ui2d                             0x08008df3   Thumb Code     0  dflt_clz.o(x$fpl$dfltu)
    _dfltu                                   0x08008df3   Thumb Code    38  dflt_clz.o(x$fpl$dfltu)
    __aeabi_dmul                             0x08008e19   Thumb Code     0  dmul.o(x$fpl$dmul)
    _dmul                                    0x08008e19   Thumb Code   332  dmul.o(x$fpl$dmul)
    __fpl_dnaninf                            0x08008f6d   Thumb Code   156  dnaninf.o(x$fpl$dnaninf)
    __fpl_dretinf                            0x08009009   Thumb Code    12  dretinf.o(x$fpl$dretinf)
    __aeabi_f2d                              0x08009015   Thumb Code     0  f2d.o(x$fpl$f2d)
    _f2d                                     0x08009015   Thumb Code    86  f2d.o(x$fpl$f2d)
    __fpl_fnaninf                            0x0800906b   Thumb Code   140  fnaninf.o(x$fpl$fnaninf)
    _fp_init                                 0x080090f7   Thumb Code    10  fpinit.o(x$fpl$fpinit)
    __fplib_config_fpu_vfp                   0x080090ff   Thumb Code     0  fpinit.o(x$fpl$fpinit)
    __fplib_config_pureend_doubles           0x080090ff   Thumb Code     0  fpinit.o(x$fpl$fpinit)
    __I$use$fp                               0x08009100   Number         0  usenofp.o(x$fpl$usenofp)
    asc2_1206                                0x08009100   Data        1140  lcd.o(.constdata)
    asc2_1608                                0x08009574   Data        1520  lcd.o(.constdata)
    asc2_2412                                0x08009b64   Data        3420  lcd.o(.constdata)
    FSMC_DefaultTimingStruct                 0x0800a8c0   Data          28  stm32f4xx_fsmc.o(.constdata)
    Region$$Table$$Base                      0x0800a918   Number         0  anon$$obj.o(Region$$Table)
    Region$$Table$$Limit                     0x0800a938   Number         0  anon$$obj.o(Region$$Table)
    ch0                                      0x20000000   Data           4  main.o(.data)
    ch1                                      0x20000004   Data           4  main.o(.data)
    ch2                                      0x20000008   Data           4  main.o(.data)
    ch3                                      0x2000000c   Data           4  main.o(.data)
    work_mode                                0x20000010   Data           1  main.o(.data)
    game_mode                                0x20000011   Data           1  main.o(.data)
    staff_mode                               0x20000012   Data           1  main.o(.data)
    staffsel_flag                            0x20000013   Data           1  main.o(.data)
    gamesel_flag                             0x20000014   Data           1  main.o(.data)
    compsel_flag                             0x20000015   Data           1  main.o(.data)
    learn                                    0x20000016   Data           1  main.o(.data)
    finger_text                              0x20000017   Data           1  main.o(.data)
    text_chishu                              0x20000018   Data           1  main.o(.data)
    q                                        0x2000001c   Data           4  main.o(.data)
    ch                                       0x20000020   Data           4  main.o(.data)
    i                                        0x20000024   Data           4  main.o(.data)
    t                                        0x20000028   Data           4  main.o(.data)
    display_temp                             0x2000002c   Data           4  main.o(.data)
    display_flag1                            0x20000030   Data           4  main.o(.data)
    display_flag2                            0x20000034   Data           4  main.o(.data)
    fk                                       0x20000038   Data           4  main.o(.data)
    check0_sum                               0x2000003c   Data           4  main.o(.data)
    check1_sum                               0x20000040   Data           4  main.o(.data)
    check2_sum                               0x20000044   Data           4  main.o(.data)
    check3_sum                               0x20000048   Data           4  main.o(.data)
    check4_sum                               0x2000004c   Data           4  main.o(.data)
    check5_sum                               0x20000050   Data           4  main.o(.data)
    check_rocksum                            0x20000054   Data           4  main.o(.data)
    check_scissorssum                        0x20000058   Data           4  main.o(.data)
    check_papersum                           0x2000005c   Data           4  main.o(.data)
    check0_js                                0x20000060   Data           4  main.o(.data)
    check1_js                                0x20000064   Data           4  main.o(.data)
    check2_js                                0x20000068   Data           4  main.o(.data)
    check3_js                                0x2000006c   Data           4  main.o(.data)
    check4_js                                0x20000070   Data           4  main.o(.data)
    check5_js                                0x20000074   Data           4  main.o(.data)
    check_rock_js                            0x20000078   Data           4  main.o(.data)
    check_scissors_js                        0x2000007c   Data           4  main.o(.data)
    check_paper_js                           0x20000080   Data           4  main.o(.data)
    step                                     0x20000084   Data           4  main.o(.data)
    step0                                    0x20000088   Data           4  main.o(.data)
    step1                                    0x2000008c   Data           4  main.o(.data)
    step1UP                                  0x20000090   Data           4  main.o(.data)
    step1DOWN                                0x20000094   Data           4  main.o(.data)
    step2                                    0x20000098   Data           4  main.o(.data)
    step2UP                                  0x2000009c   Data           4  main.o(.data)
    step2DOWN                                0x200000a0   Data           4  main.o(.data)
    step3                                    0x200000a4   Data           4  main.o(.data)
    step4                                    0x200000a8   Data           4  main.o(.data)
    step4UP                                  0x200000ac   Data           4  main.o(.data)
    step4DOWN                                0x200000b0   Data           4  main.o(.data)
    step5                                    0x200000b4   Data           4  main.o(.data)
    step_rock                                0x200000b8   Data           4  main.o(.data)
    step_scissors                            0x200000bc   Data           4  main.o(.data)
    step_paper                               0x200000c0   Data           4  main.o(.data)
    SystemCoreClock                          0x200000c4   Data           4  system_stm32f4xx.o(.data)
    AHBPrescTable                            0x200000c8   Data          16  system_stm32f4xx.o(.data)
    POINT_COLOR                              0x200000d8   Data           2  lcd.o(.data)
    BACK_COLOR                               0x200000da   Data           2  lcd.o(.data)
    CHx_FIN_SEL                              0x200000dc   Data           4  fdc2214.o(.data)
    __stdout                                 0x200000e8   Data           4  usart.o(.data)
    USART_RX_STA                             0x200000ec   Data           2  usart.o(.data)
    finger0                                  0x20000100   Data        3200  main.o(.bss)
    finger1                                  0x20000d80   Data        3200  main.o(.bss)
    finger2                                  0x20001a00   Data        3200  main.o(.bss)
    finger3                                  0x20002680   Data        3200  main.o(.bss)
    finger4                                  0x20003300   Data        3200  main.o(.bss)
    finger5                                  0x20003f80   Data        3200  main.o(.bss)
    rock                                     0x20004c00   Data        3200  main.o(.bss)
    paper                                    0x20005880   Data        3200  main.o(.bss)
    scissors                                 0x20006500   Data        3200  main.o(.bss)
    fingerx_check                            0x20007180   Data         160  main.o(.bss)
    fingerx_check_avg                        0x20007220   Data          16  main.o(.bss)
    lcddev                                   0x20007230   Data          14  lcd.o(.bss)
    fREFx                                    0x20007240   Data          32  fdc2214.o(.bss)
    USART_RX_BUF                             0x20007260   Data         200  usart.o(.bss)
    __libspace_start                         0x20007328   Data          96  libspace.o(.bss)
    __temporary_stack_top$libspace           0x20007388   Data           0  libspace.o(.bss)



==============================================================================

Memory Map of the image

  Image Entry point : 0x08000189

  Load Region LR_IROM1 (Base: 0x08000000, Size: 0x0000aa38, Max: 0x00100000, ABSOLUTE)

    Execution Region ER_IROM1 (Base: 0x08000000, Size: 0x0000a938, Max: 0x00100000, ABSOLUTE)

    Base Addr    Size         Type   Attr      Idx    E Section Name        Object

    0x08000000   0x00000188   Data   RO          464    RESET               startup_stm32f40_41xxx.o
    0x08000188   0x00000008   Code   RO          698  * !!!main             c_w.l(__main.o)
    0x08000190   0x00000034   Code   RO          892    !!!scatter          c_w.l(__scatter.o)
    0x080001c4   0x0000001a   Code   RO          894    !!handler_copy      c_w.l(__scatter_copy.o)
    0x080001de   0x00000002   PAD
    0x080001e0   0x0000001c   Code   RO          896    !!handler_zi        c_w.l(__scatter_zi.o)
    0x080001fc   0x00000000   Code   RO          695    .ARM.Collect$$_printf_percent$$00000000  c_w.l(_printf_percent.o)
    0x080001fc   0x00000006   Code   RO          694    .ARM.Collect$$_printf_percent$$00000009  c_w.l(_printf_d.o)
    0x08000202   0x00000006   Code   RO          693    .ARM.Collect$$_printf_percent$$0000000C  c_w.l(_printf_x.o)
    0x08000208   0x00000004   Code   RO          729    .ARM.Collect$$_printf_percent$$00000017  c_w.l(_printf_percent_end.o)
    0x0800020c   0x00000002   Code   RO          767    .ARM.Collect$$libinit$$00000000  c_w.l(libinit.o)
    0x0800020e   0x00000004   Code   RO          773    .ARM.Collect$$libinit$$00000001  c_w.l(libinit2.o)
    0x08000212   0x00000000   Code   RO          776    .ARM.Collect$$libinit$$00000004  c_w.l(libinit2.o)
    0x08000212   0x00000000   Code   RO          779    .ARM.Collect$$libinit$$0000000A  c_w.l(libinit2.o)
    0x08000212   0x00000000   Code   RO          781    .ARM.Collect$$libinit$$0000000C  c_w.l(libinit2.o)
    0x08000212   0x00000000   Code   RO          783    .ARM.Collect$$libinit$$0000000E  c_w.l(libinit2.o)
    0x08000212   0x00000000   Code   RO          786    .ARM.Collect$$libinit$$00000011  c_w.l(libinit2.o)
    0x08000212   0x00000000   Code   RO          788    .ARM.Collect$$libinit$$00000013  c_w.l(libinit2.o)
    0x08000212   0x00000000   Code   RO          790    .ARM.Collect$$libinit$$00000015  c_w.l(libinit2.o)
    0x08000212   0x00000000   Code   RO          792    .ARM.Collect$$libinit$$00000017  c_w.l(libinit2.o)
    0x08000212   0x00000000   Code   RO          794    .ARM.Collect$$libinit$$00000019  c_w.l(libinit2.o)
    0x08000212   0x00000000   Code   RO          796    .ARM.Collect$$libinit$$0000001B  c_w.l(libinit2.o)
    0x08000212   0x00000000   Code   RO          798    .ARM.Collect$$libinit$$0000001D  c_w.l(libinit2.o)
    0x08000212   0x00000000   Code   RO          800    .ARM.Collect$$libinit$$0000001F  c_w.l(libinit2.o)
    0x08000212   0x00000000   Code   RO          802    .ARM.Collect$$libinit$$00000021  c_w.l(libinit2.o)
    0x08000212   0x00000000   Code   RO          804    .ARM.Collect$$libinit$$00000023  c_w.l(libinit2.o)
    0x08000212   0x00000000   Code   RO          806    .ARM.Collect$$libinit$$00000025  c_w.l(libinit2.o)
    0x08000212   0x00000000   Code   RO          810    .ARM.Collect$$libinit$$0000002C  c_w.l(libinit2.o)
    0x08000212   0x00000000   Code   RO          812    .ARM.Collect$$libinit$$0000002E  c_w.l(libinit2.o)
    0x08000212   0x00000000   Code   RO          814    .ARM.Collect$$libinit$$00000030  c_w.l(libinit2.o)
    0x08000212   0x00000000   Code   RO          816    .ARM.Collect$$libinit$$00000032  c_w.l(libinit2.o)
    0x08000212   0x00000002   Code   RO          817    .ARM.Collect$$libinit$$00000033  c_w.l(libinit2.o)
    0x08000214   0x00000002   Code   RO          835    .ARM.Collect$$libshutdown$$00000000  c_w.l(libshutdown.o)
    0x08000216   0x00000000   Code   RO          846    .ARM.Collect$$libshutdown$$00000003  c_w.l(libshutdown2.o)
    0x08000216   0x00000000   Code   RO          849    .ARM.Collect$$libshutdown$$00000006  c_w.l(libshutdown2.o)
    0x08000216   0x00000000   Code   RO          852    .ARM.Collect$$libshutdown$$00000009  c_w.l(libshutdown2.o)
    0x08000216   0x00000000   Code   RO          854    .ARM.Collect$$libshutdown$$0000000B  c_w.l(libshutdown2.o)
    0x08000216   0x00000000   Code   RO          857    .ARM.Collect$$libshutdown$$0000000E  c_w.l(libshutdown2.o)
    0x08000216   0x00000002   Code   RO          858    .ARM.Collect$$libshutdown$$0000000F  c_w.l(libshutdown2.o)
    0x08000218   0x00000000   Code   RO          720    .ARM.Collect$$rtentry$$00000000  c_w.l(__rtentry.o)
    0x08000218   0x00000000   Code   RO          738    .ARM.Collect$$rtentry$$00000002  c_w.l(__rtentry2.o)
    0x08000218   0x00000006   Code   RO          750    .ARM.Collect$$rtentry$$00000004  c_w.l(__rtentry4.o)
    0x0800021e   0x00000000   Code   RO          740    .ARM.Collect$$rtentry$$00000009  c_w.l(__rtentry2.o)
    0x0800021e   0x00000004   Code   RO          741    .ARM.Collect$$rtentry$$0000000A  c_w.l(__rtentry2.o)
    0x08000222   0x00000000   Code   RO          743    .ARM.Collect$$rtentry$$0000000C  c_w.l(__rtentry2.o)
    0x08000222   0x00000008   Code   RO          744    .ARM.Collect$$rtentry$$0000000D  c_w.l(__rtentry2.o)
    0x0800022a   0x00000002   Code   RO          771    .ARM.Collect$$rtexit$$00000000  c_w.l(rtexit.o)
    0x0800022c   0x00000000   Code   RO          819    .ARM.Collect$$rtexit$$00000002  c_w.l(rtexit2.o)
    0x0800022c   0x00000004   Code   RO          820    .ARM.Collect$$rtexit$$00000003  c_w.l(rtexit2.o)
    0x08000230   0x00000006   Code   RO          821    .ARM.Collect$$rtexit$$00000004  c_w.l(rtexit2.o)
    0x08000236   0x00000002   PAD
    0x08000238   0x000011d4   Code   RO            3    .text               main.o
    0x0800140c   0x0000001a   Code   RO          174    .text               stm32f4xx_it.o
    0x08001426   0x00000002   PAD
    0x08001428   0x00000210   Code   RO          223    .text               system_stm32f4xx.o
    0x08001638   0x00000040   Code   RO          249    .text               led.o
    0x08001678   0x00004c80   Code   RO          269    .text               lcd.o
    0x080062f8   0x00000648   Code   RO          307    .text               fdc2214.o
    0x08006940   0x000001f8   Code   RO          331    .text               exti.o
    0x08006b38   0x00000104   Code   RO          352    .text               key.o
    0x08006c3c   0x0000025c   Code   RO          373    .text               myiic.o
    0x08006e98   0x00000104   Code   RO          393    .text               delay.o
    0x08006f9c   0x0000014c   Code   RO          433    .text               usart.o
    0x080070e8   0x00000040   Code   RO          465    .text               startup_stm32f40_41xxx.o
    0x08007128   0x000000e0   Code   RO          471    .text               misc.o
    0x08007208   0x00000294   Code   RO          491    .text               stm32f4xx_gpio.o
    0x0800749c   0x000005c8   Code   RO          511    .text               stm32f4xx_fsmc.o
    0x08007a64   0x0000065c   Code   RO          534    .text               stm32f4xx_rcc.o
    0x080080c0   0x00000094   Code   RO          556    .text               stm32f4xx_syscfg.o
    0x08008154   0x00000454   Code   RO          576    .text               stm32f4xx_usart.o
    0x080085a8   0x00000110   Code   RO          616    .text               stm32f4xx_exti.o
    0x080086b8   0x00000002   Code   RO          636    .text               c_w.l(use_no_semi_2.o)
    0x080086ba   0x00000002   PAD
    0x080086bc   0x00000018   Code   RO          642    .text               c_w.l(noretval__2printf.o)
    0x080086d4   0x00000028   Code   RO          644    .text               c_w.l(noretval__2sprintf.o)
    0x080086fc   0x0000004e   Code   RO          648    .text               c_w.l(_printf_pad.o)
    0x0800874a   0x00000002   PAD
    0x0800874c   0x00000078   Code   RO          650    .text               c_w.l(_printf_dec.o)
    0x080087c4   0x00000058   Code   RO          655    .text               c_w.l(_printf_hex_int.o)
    0x0800881c   0x00000138   Code   RO          685    .text               c_w.l(__printf_flags_wp.o)
    0x08008954   0x00000006   Code   RO          696    .text               c_w.l(heapauxi.o)
    0x0800895a   0x00000002   Code   RO          718    .text               c_w.l(use_no_semi.o)
    0x0800895c   0x000000b2   Code   RO          721    .text               c_w.l(_printf_intcommon.o)
    0x08008a0e   0x00000002   PAD
    0x08008a10   0x00000030   Code   RO          723    .text               c_w.l(_printf_char_common.o)
    0x08008a40   0x0000000a   Code   RO          725    .text               c_w.l(_sputc.o)
    0x08008a4a   0x00000002   PAD
    0x08008a4c   0x00000024   Code   RO          727    .text               c_w.l(_printf_char_file.o)
    0x08008a70   0x00000008   Code   RO          754    .text               c_w.l(ferror.o)
    0x08008a78   0x0000004a   Code   RO          758    .text               c_w.l(sys_stackheap_outer.o)
    0x08008ac2   0x0000000c   Code   RO          760    .text               c_w.l(exit.o)
    0x08008ace   0x00000002   PAD
    0x08008ad0   0x00000008   Code   RO          768    .text               c_w.l(libspace.o)
    0x08008ad8   0x0000000e   Code   RO          683    i._is_digit         c_w.l(__printf_wp.o)
    0x08008ae6   0x00000002   PAD
    0x08008ae8   0x000002b0   Code   RO          701    x$fpl$ddiv          fz_wm.l(ddiv.o)
    0x08008d98   0x0000005a   Code   RO          704    x$fpl$dfixu         fz_wm.l(dfixu.o)
    0x08008df2   0x00000026   Code   RO          708    x$fpl$dfltu         fz_wm.l(dflt_clz.o)
    0x08008e18   0x00000154   Code   RO          714    x$fpl$dmul          fz_wm.l(dmul.o)
    0x08008f6c   0x0000009c   Code   RO          730    x$fpl$dnaninf       fz_wm.l(dnaninf.o)
    0x08009008   0x0000000c   Code   RO          732    x$fpl$dretinf       fz_wm.l(dretinf.o)
    0x08009014   0x00000056   Code   RO          716    x$fpl$f2d           fz_wm.l(f2d.o)
    0x0800906a   0x0000008c   Code   RO          734    x$fpl$fnaninf       fz_wm.l(fnaninf.o)
    0x080090f6   0x0000000a   Code   RO          827    x$fpl$fpinit        fz_wm.l(fpinit.o)
    0x08009100   0x00000000   Code   RO          736    x$fpl$usenofp       fz_wm.l(usenofp.o)
    0x08009100   0x000017c0   Data   RO          271    .constdata          lcd.o
    0x0800a8c0   0x0000001c   Data   RO          512    .constdata          stm32f4xx_fsmc.o
    0x0800a8dc   0x00000028   Data   RO          656    .constdata          c_w.l(_printf_hex_int.o)
    0x0800a904   0x00000011   Data   RO          686    .constdata          c_w.l(__printf_flags_wp.o)
    0x0800a915   0x00000003   PAD
    0x0800a918   0x00000020   Data   RO          890    Region$$Table       anon$$obj.o


    Execution Region RW_IRAM1 (Base: 0x20000000, Size: 0x00007988, Max: 0x00020000, ABSOLUTE)

    Base Addr    Size         Type   Attr      Idx    E Section Name        Object

    0x20000000   0x000000c4   Data   RW            5    .data               main.o
    0x200000c4   0x00000014   Data   RW          224    .data               system_stm32f4xx.o
    0x200000d8   0x00000004   Data   RW          272    .data               lcd.o
    0x200000dc   0x00000004   Data   RW          309    .data               fdc2214.o
    0x200000e0   0x00000001   Data   RW          353    .data               key.o
    0x200000e1   0x00000001   PAD
    0x200000e2   0x00000004   Data   RW          394    .data               delay.o
    0x200000e6   0x00000002   PAD
    0x200000e8   0x00000006   Data   RW          435    .data               usart.o
    0x200000ee   0x00000010   Data   RW          535    .data               stm32f4xx_rcc.o
    0x200000fe   0x00000002   PAD
    0x20000100   0x00007130   Zero   RW            4    .bss                main.o
    0x20007230   0x0000000e   Zero   RW          270    .bss                lcd.o
    0x2000723e   0x00000002   PAD
    0x20007240   0x00000020   Zero   RW          308    .bss                fdc2214.o
    0x20007260   0x000000c8   Zero   RW          434    .bss                usart.o
    0x20007328   0x00000060   Zero   RW          769    .bss                c_w.l(libspace.o)
    0x20007388   0x00000200   Zero   RW          463    HEAP                startup_stm32f40_41xxx.o
    0x20007588   0x00000400   Zero   RW          462    STACK               startup_stm32f40_41xxx.o


==============================================================================

Image component sizes


      Code (inc. data)   RO Data    RW Data    ZI Data      Debug   Object Name

       260          8          0          4          0       1457   delay.o
       504         42          0          0          0       1192   exti.o
      1608         90          0          4         32       6241   fdc2214.o
       260         12          0          1          0        876   key.o
     19584        174       6080          4         14      22346   lcd.o
        64          4          0          0          0        535   led.o
      4564        666          0        196      28976     281175   main.o
       224         20          0          0          0       1841   misc.o
       604         14          0          0          0       1908   myiic.o
        64         26        392          0       1536        840   startup_stm32f40_41xxx.o
       272         10          0          0          0       2287   stm32f4xx_exti.o
      1480         18         28          0          0       5650   stm32f4xx_fsmc.o
       660         44          0          0          0       4117   stm32f4xx_gpio.o
        26          0          0          0          0       1234   stm32f4xx_it.o
      1628         52          0         16          0      12916   stm32f4xx_rcc.o
       148         12          0          0          0       1857   stm32f4xx_syscfg.o
      1108         34          0          0          0       7816   stm32f4xx_usart.o
       528         46          0         20          0       1811   system_stm32f4xx.o
       332         18          0          6        200       3366   usart.o

    ----------------------------------------------------------------------
     33920       1290       6532        256      30760     359465   Object Totals
         0          0         32          0          0          0   (incl. Generated)
         2          0          0          5          2          0   (incl. Padding)

    ----------------------------------------------------------------------

      Code (inc. data)   RO Data    RW Data    ZI Data      Debug   Library Member Name

         8          0          0          0          0         68   __main.o
       312          4         17          0          0         92   __printf_flags_wp.o
        14          0          0          0          0         68   __printf_wp.o
         0          0          0          0          0          0   __rtentry.o
        12          0          0          0          0          0   __rtentry2.o
         6          0          0          0          0          0   __rtentry4.o
        52          8          0          0          0          0   __scatter.o
        26          0          0          0          0          0   __scatter_copy.o
        28          0          0          0          0          0   __scatter_zi.o
        48          6          0          0          0         96   _printf_char_common.o
        36          4          0          0          0         80   _printf_char_file.o
         6          0          0          0          0          0   _printf_d.o
       120         16          0          0          0         92   _printf_dec.o
        88          4         40          0          0         88   _printf_hex_int.o
       178          0          0          0          0         88   _printf_intcommon.o
        78          0          0          0          0        108   _printf_pad.o
         0          0          0          0          0          0   _printf_percent.o
         4          0          0          0          0          0   _printf_percent_end.o
         6          0          0          0          0          0   _printf_x.o
        10          0          0          0          0         68   _sputc.o
        12          0          0          0          0         72   exit.o
         8          0          0          0          0         68   ferror.o
         6          0          0          0          0        152   heapauxi.o
         2          0          0          0          0          0   libinit.o
         6          0          0          0          0          0   libinit2.o
         2          0          0          0          0          0   libshutdown.o
         2          0          0          0          0          0   libshutdown2.o
         8          4          0          0         96         68   libspace.o
        24          4          0          0          0         84   noretval__2printf.o
        40          6          0          0          0         84   noretval__2sprintf.o
         2          0          0          0          0          0   rtexit.o
        10          0          0          0          0          0   rtexit2.o
        74          0          0          0          0         80   sys_stackheap_outer.o
         2          0          0          0          0         68   use_no_semi.o
         2          0          0          0          0         68   use_no_semi_2.o
       688        140          0          0          0        256   ddiv.o
        90          4          0          0          0        140   dfixu.o
        38          0          0          0          0        116   dflt_clz.o
       340         12          0          0          0        152   dmul.o
       156          4          0          0          0        140   dnaninf.o
        12          0          0          0          0        116   dretinf.o
        86          4          0          0          0        132   f2d.o
       140          4          0          0          0        132   fnaninf.o
        10          0          0          0          0        116   fpinit.o
         0          0          0          0          0          0   usenofp.o

    ----------------------------------------------------------------------
      2808        224         60          0         96       2892   Library Totals
        16          0          3          0          0          0   (incl. Padding)

    ----------------------------------------------------------------------

      Code (inc. data)   RO Data    RW Data    ZI Data      Debug   Library Name

      1232         56         57          0         96       1592   c_w.l
      1560        168          0          0          0       1300   fz_wm.l

    ----------------------------------------------------------------------
      2808        224         60          0         96       2892   Library Totals

    ----------------------------------------------------------------------

==============================================================================


      Code (inc. data)   RO Data    RW Data    ZI Data      Debug   

     36728       1514       6592        256      30856     357277   Grand Totals
     36728       1514       6592        256      30856     357277   ELF Image Totals
     36728       1514       6592        256          0          0   ROM Totals

==============================================================================

    Total RO  Size (Code + RO Data)                43320 (  42.30kB)
    Total RW  Size (RW Data + ZI Data)             31112 (  30.38kB)
    Total ROM Size (Code + RO Data + RW Data)      43576 (  42.55kB)

==============================================================================

